Microchip MPLAB XC8 Compiler V1.42 ()

Linker command line:

-W-3 --edf=D:\Program Files (x86)\Microchip\xc8\v1.42\dat\en_msgs.txt -cs \
  -h+dist/default/production\SD_Init.X.production.sym \
  --cmf=dist/default/production\SD_Init.X.production.cmf -z -Q18F4620 \
  -oC:\Users\Admin\AppData\Local\Temp\s6r0.2 \
  -Mdist/default/production/SD_Init.X.production.map -E1 -ver=XC8 \
  -ASTACK=0BEh-0f7fh -pstack=STACK -ACODE=00h-0FFFFh -ACONST=00h-0FFFFh \
  -ASMALLCONST=01000h-010FFhx240 -AMEDIUMCONST=01000h-0FFFFh \
  -ACOMRAM=01h-07Fh -AABS1=00h-0F7Fh -ABIGRAM=01h-0F7Fh \
  -ARAM=080h-0FFh,0100h-01FFhx14,0F00h-0F7Fh -ABANK0=080h-0FFh \
  -ABANK1=0100h-01FFh -ABANK2=0200h-02FFh -ABANK3=0300h-03FFh \
  -ABANK4=0400h-04FFh -ABANK5=0500h-05FFh -ABANK6=0600h-06FFh \
  -ABANK7=0700h-07FFh -ABANK8=0800h-08FFh -ABANK9=0900h-09FFh \
  -ABANK10=0A00h-0AFFh -ABANK11=0B00h-0BFFh -ABANK12=0C00h-0CFFh \
  -ABANK13=0D00h-0DFFh -ABANK14=0E00h-0EFFh -ABANK15=0F00h-0F7Fh \
  -ASFR=0F80h-0FFFh -preset_vec=00h,intcode,intcodelo,powerup,init \
  -pramtop=01000h -psmallconst=SMALLCONST -pmediumconst=MEDIUMCONST \
  -pconst=CONST -AFARRAM=00h-00h -ACONFIG=0300000h-030000Dh -pconfig=CONFIG \
  -AIDLOC=0200000h-0200007h -pidloc=IDLOC -AEEDATA=0F00000h-0F003FFh \
  -peeprom_data=EEDATA \
  -prdata=COMRAM,nvrram=COMRAM,nvbit=COMRAM,rbss=COMRAM,rbit=COMRAM \
  -pfarbss=FARRAM,fardata=FARRAM,nvFARRAM=FARRAM \
  -pintsave_regs=BIGRAM,bigbss=BIGRAM,bigdata=BIGRAM -pbss=RAM \
  -pidata=CODE,irdata=CODE,ibigdata=CODE,ifardata=CODE -prparam=COMRAM \
  C:\Users\Admin\AppData\Local\Temp\s6r0.obj \
  dist/default/production\SD_Init.X.production.obj 

Object code version is 3.11

Machine type is 18F4620

Call graph: (short form)




                Name                               Link     Load   Length Selector   Space Scale
C:\Users\Admin\AppData\Local\Temp\s6r0.obj
                init                                  0        0        4        0       0
                idloc                            200000   200000        8   200000       0
                config                           300000   300000        E   300000       0
dist/default/production\SD_Init.X.production.obj
                mediumconst                        FE52     FE52      1AE     7F29       0
                text32                             D80A     D80A       7E     6C05       0
                text31                             D4E8     D4E8       14     6A74       0
                text30                             D68C     D68C       4C     6B46       0
                text29                             D548     D548       24     6AA4       0
                text28                             D4D6     D4D6        8     6A6B       0
                text27                             D4DE     D4DE        A     6A6F       0
                text26                             D98E     D98E       90     6CC7       0
                text25                             D612     D612       3A     6B09       0
                text24                             DAAE     DAAE       AE     6D57       0
                text23                             DB5C     DB5C       E6     6DAE       0
                text22                             DC42     DC42       F4     6E21       0
                text21                             DD36     DD36       F4     6E9B       0
                text20                             D6D8     D6D8       5C     6B6C       0
                text19                             D56C     D56C       24     6AB6       0
                text18                             D5DA     D5DA       38     6AED       0
                text17                             ECBE     ECBE      810     765F       0
                text16                             DA1E     DA1E       90     6D0F       0
                text15                             D590     D590       24     6AC8       0
                text14                             E084     E084      1AC     7042       0
                text13                             D64C     D64C       40     6B26       0
                text12                             D888     D888       82     6C44       0
                text11                             D734     D734       66     6B9A       0
                text10                             DE2A     DE2A      128     6F15       0
                text9                              DF52     DF52      132     6FA9       0
                text8                              D90A     D90A       84     6C85       0
                text7                              D79A     D79A       70     6BCD       0
                text6                              D5B4     D5B4       26     6ADA       0
                text5                              E230     E230      246     7118       0
                text4                              D52A     D52A       1E     6A95       0
                text3                              D4FC     D4FC       14     6A7E       0
                text2                              E476     E476      3F0     723B       0
                text1                              F4CE     F4CE      984     7A67       0
                text0                              E866     E866      458     7433       0
                cstackCOMRAM                          1        1       7A        1       1
                bssBANK0                             80       80       3E       80       1
                bssCOMRAM                            7B       7B        2        1       1
                cinit                              D510     D510       1A     6A88       0

TOTAL           Name                               Link     Load   Length     Space
        CLASS   STACK          

        CLASS   CODE           
                init                                  0        0        4         0
                text32                             D80A     D80A       7E         0
                text31                             D4E8     D4E8       14         0
                text30                             D68C     D68C       4C         0
                text29                             D548     D548       24         0
                text28                             D4D6     D4D6        8         0
                text27                             D4DE     D4DE        A         0
                text26                             D98E     D98E       90         0
                text25                             D612     D612       3A         0
                text24                             DAAE     DAAE       AE         0
                text23                             DB5C     DB5C       E6         0
                text22                             DC42     DC42       F4         0
                text21                             DD36     DD36       F4         0
                text20                             D6D8     D6D8       5C         0
                text19                             D56C     D56C       24         0
                text18                             D5DA     D5DA       38         0
                text17                             ECBE     ECBE      810         0
                text16                             DA1E     DA1E       90         0
                text15                             D590     D590       24         0
                text14                             E084     E084      1AC         0
                text13                             D64C     D64C       40         0
                text12                             D888     D888       82         0
                text11                             D734     D734       66         0
                text10                             DE2A     DE2A      128         0
                text9                              DF52     DF52      132         0
                text8                              D90A     D90A       84         0
                text7                              D79A     D79A       70         0
                text6                              D5B4     D5B4       26         0
                text5                              E230     E230      246         0
                text4                              D52A     D52A       1E         0
                text3                              D4FC     D4FC       14         0
                text2                              E476     E476      3F0         0
                text1                              F4CE     F4CE      984         0
                text0                              E866     E866      458         0
                cinit                              D510     D510       1A         0

        CLASS   CONST          

        CLASS   SMALLCONST     

        CLASS   MEDIUMCONST    
                mediumconst                        FE52     FE52      1AE         0

        CLASS   COMRAM         
                cstackCOMRAM                          1        1       7A         1
                bssCOMRAM                            7B       7B        2         1

        CLASS   ABS1           

        CLASS   BIGRAM         

        CLASS   RAM            

        CLASS   BANK0          
                bssBANK0                             80       80       3E         1

        CLASS   BANK1          

        CLASS   BANK2          

        CLASS   BANK3          

        CLASS   BANK4          

        CLASS   BANK5          

        CLASS   BANK6          

        CLASS   BANK7          

        CLASS   BANK8          

        CLASS   BANK9          

        CLASS   BANK10         

        CLASS   BANK11         

        CLASS   BANK12         

        CLASS   BANK13         

        CLASS   BANK14         

        CLASS   BANK15         

        CLASS   SFR            

        CLASS   FARRAM         

        CLASS   CONFIG         
                config                           300000   300000        E         0

        CLASS   IDLOC          
                idloc                            200000   200000        8         0

        CLASS   EEDATA         



SEGMENTS        Name                           Load    Length   Top    Selector   Space  Class

                reset_vec                      000000  000004  000004         0       0  CODE    
                cstackCOMRAM                   000001  00007C  00007D         1       1  COMRAM  
                bssBANK0                       000080  00003E  0000BE        80       1  BANK0   
                text28                         00D4D6  000008  00D4DE      6A6B       0  CODE    
                text27                         00D4DE  00000A  00D4E8      6A6F       0  CODE    
                text31                         00D4E8  000014  00D4FC      6A74       0  CODE    
                text3                          00D4FC  000014  00D510      6A7E       0  CODE    
                cinit                          00D510  00001A  00D52A      6A88       0  CODE    
                text4                          00D52A  00001E  00D548      6A95       0  CODE    
                text29                         00D548  000024  00D56C      6AA4       0  CODE    
                text19                         00D56C  000024  00D590      6AB6       0  CODE    
                text15                         00D590  000024  00D5B4      6AC8       0  CODE    
                text6                          00D5B4  000026  00D5DA      6ADA       0  CODE    
                text18                         00D5DA  000038  00D612      6AED       0  CODE    
                text25                         00D612  00003A  00D64C      6B09       0  CODE    
                text13                         00D64C  000040  00D68C      6B26       0  CODE    
                text30                         00D68C  00004C  00D6D8      6B46       0  CODE    
                text20                         00D6D8  00005C  00D734      6B6C       0  CODE    
                text11                         00D734  000066  00D79A      6B9A       0  CODE    
                text7                          00D79A  000070  00D80A      6BCD       0  CODE    
                text32                         00D80A  00007E  00D888      6C05       0  CODE    
                text12                         00D888  000082  00D90A      6C44       0  CODE    
                text8                          00D90A  000084  00D98E      6C85       0  CODE    
                text26                         00D98E  000090  00DA1E      6CC7       0  CODE    
                text16                         00DA1E  000090  00DAAE      6D0F       0  CODE    
                text24                         00DAAE  0000AE  00DB5C      6D57       0  CODE    
                text23                         00DB5C  0000E6  00DC42      6DAE       0  CODE    
                text22                         00DC42  0000F4  00DD36      6E21       0  CODE    
                text21                         00DD36  0000F4  00DE2A      6E9B       0  CODE    
                text10                         00DE2A  000128  00DF52      6F15       0  CODE    
                text9                          00DF52  000132  00E084      6FA9       0  CODE    
                text14                         00E084  0001AC  00E230      7042       0  CODE    
                text5                          00E230  000246  00E476      7118       0  CODE    
                text2                          00E476  0003F0  00E866      723B       0  CODE    
                text0                          00E866  000458  00ECBE      7433       0  CODE    
                text17                         00ECBE  000810  00F4CE      765F       0  CODE    
                text1                          00F4CE  000984  00FE52      7A67       0  CODE    
                mediumconst                    00FE52  0001AE  010000      7F29       0  MEDIUMCO
                idloc                          200000  000008  200008    200000       0  IDLOC   
                config                         300000  00000E  30000E    300000       0  CONFIG  


UNUSED ADDRESS RANGES

        Name                Unused          Largest block    Delta
        BANK0            0000BE-0000FF               42
        BANK1            000100-0001FF              100
        BANK10           000A00-000AFF              100
        BANK11           000B00-000BFF              100
        BANK12           000C00-000CFF              100
        BANK13           000D00-000DFF              100
        BANK14           000E00-000EFF              100
        BANK15           000F00-000F7F               80
        BANK2            000200-0002FF              100
        BANK3            000300-0003FF              100
        BANK4            000400-0004FF              100
        BANK5            000500-0005FF              100
        BANK6            000600-0006FF              100
        BANK7            000700-0007FF              100
        BANK8            000800-0008FF              100
        BANK9            000900-0009FF              100
        BIGRAM           00007D-00007F                3
                         0000BE-000F7F              EC2
        CODE             000004-00D4D5             D4D2
        COMRAM           00007D-00007F                3
        CONST            000004-00D4D5             D4D2
        EEDATA           F00000-F003FF              400
        MEDIUMCONST      001000-00D4D5             C4D6
        RAM              0000BE-000F7F              100
        SFR              000F80-000FFF               80
        SMALLCONST       001000-00D4D5              100
        STACK            0000BE-000F7F              EC2

                                  Symbol Table

?___awdiv                   cstackCOMRAM 000007
?___awmod                   cstackCOMRAM 000001
?___ftadd                   cstackCOMRAM 00002E
?___ftdiv                   cstackCOMRAM 00000C
?___ftmul                   cstackCOMRAM 000015
?___ftneg                   cstackCOMRAM 000001
?___ftpack                  cstackCOMRAM 000001
?___ftsub                   cstackCOMRAM 00003A
?___fttol                   cstackCOMRAM 00002B
?___lldiv                   cstackCOMRAM 000001
?___llmod                   cstackCOMRAM 00000E
?___lltoft                  cstackCOMRAM 000009
?___lwtoft                  cstackCOMRAM 000009
?___wmul                    cstackCOMRAM 00000F
?__div_to_l_                cstackCOMRAM 000001
?__tdiv_to_l_               cstackCOMRAM 000001
?_fround                    cstackCOMRAM 000024
?_printf                    cstackCOMRAM 000040
?_scale                     cstackCOMRAM 000024
SD_ACMD@arg                 cstackCOMRAM 00000D
SD_ACMD@cmd                 cstackCOMRAM 000011
SD_Command@arg              cstackCOMRAM 000004
SD_Command@cmd              cstackCOMRAM 00000A
SD_Command@n                cstackCOMRAM 00000C
SD_Command@ptr              cstackCOMRAM 000008
SD_Command@response         cstackCOMRAM 00000B
_ACMD22                     mediumconst  00FEF1
_ACMD23                     mediumconst  00FEF0
_ACMD41                     mediumconst  00FEEF
_ADCON0                     (abs)        000FC2
_ADCON1                     (abs)        000FC1
_CMD0                       mediumconst  00FF04
_CMD0CRC                    mediumconst  00FF03
_CMD1                       mediumconst  00FF02
_CMD10                      mediumconst  00FEFE
_CMD12                      mediumconst  00FEFD
_CMD13                      mediumconst  00FEFC
_CMD16                      mediumconst  00FEFB
_CMD17                      mediumconst  00FEFA
_CMD18                      mediumconst  00FEF9
_CMD24                      mediumconst  00FEF8
_CMD25                      mediumconst  00FEF7
_CMD32                      mediumconst  00FEF6
_CMD33                      mediumconst  00FEF5
_CMD38                      mediumconst  00FEF4
_CMD55                      mediumconst  00FEF3
_CMD58                      mediumconst  00FEF2
_CMD8                       mediumconst  00FF01
_CMD8CRC                    mediumconst  00FF00
_CMD9                       mediumconst  00FEFF
_INTCONbits                 (abs)        000FF2
_LATA                       (abs)        000F89
_LATB                       (abs)        000F8A
_LATC                       (abs)        000F8B
_LATD                       (abs)        000F8C
_LATDbits                   (abs)        000F8C
_LATE                       (abs)        000F8D
_LATEbits                   (abs)        000F8D
_LCD_HORZ_LIMIT             mediumconst  00FF0A
_LCD_LEFT                   mediumconst  00FF05
_LCD_RIGHT                  mediumconst  00FF06
_LCD_SIZE_HORZ              mediumconst  00FF08
_LCD_SIZE_VERT              mediumconst  00FF07
_LCD_VERT_LIMIT             mediumconst  00FF09
_OSCCON                     (abs)        000FD3
_OSCCONbits                 (abs)        000FD3
_OSCTUNE                    (abs)        000F9B
_OSCTUNEbits                (abs)        000F9B
_R1_IDLE_STATE              mediumconst  00FEED
_R1_ILLEGAL_COMMAND         mediumconst  00FEEC
_R1_READY_STATE             mediumconst  00FEEE
_SDCard                     bssBANK0     000080
_SD_ACMD                    text25       00D612
_SD_Command                 text26       00D98E
_SSPBUF                     (abs)        000FC9
_SSPCON1                    (abs)        000FC6
_SSPCON1bits                (abs)        000FC6
_SSPIF                      (abs)        007CF3
_SSPSTAT                    (abs)        000FC7
_SSPSTATbits                (abs)        000FC7
_START_BLOCK                mediumconst  00FEEB
_START_BLOCK_TOKEN          mediumconst  00FEEA
_STOP_TRAN                  mediumconst  00FEE9
_TRISA                      (abs)        000F92
_TRISB                      (abs)        000F93
_TRISC                      (abs)        000F94
_TRISCbits                  (abs)        000F94
_TRISD                      (abs)        000F95
_TRISE                      (abs)        000F96
_TRISEbits                  (abs)        000F96
__CFG_BOREN$SBORDIS         (abs)        000000
__CFG_BORV$3                (abs)        000000
__CFG_CCP2MX$PORTC          (abs)        000000
__CFG_CP0$OFF               (abs)        000000
__CFG_CP1$OFF               (abs)        000000
__CFG_CP2$OFF               (abs)        000000
__CFG_CP3$OFF               (abs)        000000
__CFG_CPB$OFF               (abs)        000000
__CFG_CPD$ON                (abs)        000000
__CFG_EBTR0$OFF             (abs)        000000
__CFG_EBTR1$OFF             (abs)        000000
__CFG_EBTR2$OFF             (abs)        000000
__CFG_EBTR3$OFF             (abs)        000000
__CFG_EBTRB$OFF             (abs)        000000
__CFG_FCMEN$OFF             (abs)        000000
__CFG_IESO$OFF              (abs)        000000
__CFG_LPT1OSC$OFF           (abs)        000000
__CFG_LVP$OFF               (abs)        000000
__CFG_MCLRE$ON              (abs)        000000
__CFG_OSC$HSPLL             (abs)        000000
__CFG_PBADEN$ON             (abs)        000000
__CFG_PWRT$OFF              (abs)        000000
__CFG_STVREN$ON             (abs)        000000
__CFG_WDT$OFF               (abs)        000000
__CFG_WDTPS$32768           (abs)        000000
__CFG_WRT0$OFF              (abs)        000000
__CFG_WRT1$OFF              (abs)        000000
__CFG_WRT2$OFF              (abs)        000000
__CFG_WRT3$OFF              (abs)        000000
__CFG_WRTB$OFF              (abs)        000000
__CFG_WRTC$OFF              (abs)        000000
__CFG_WRTD$OFF              (abs)        000000
__CFG_XINST$OFF             (abs)        000000
__HRAM                      (abs)        000000
__Habs1                     abs1         000000
__Hbank0                    bank0        000000
__Hbank1                    bank1        000000
__Hbank10                   bank10       000000
__Hbank11                   bank11       000000
__Hbank12                   bank12       000000
__Hbank13                   bank13       000000
__Hbank14                   bank14       000000
__Hbank15                   bank15       000000
__Hbank2                    bank2        000000
__Hbank3                    bank3        000000
__Hbank4                    bank4        000000
__Hbank5                    bank5        000000
__Hbank6                    bank6        000000
__Hbank7                    bank7        000000
__Hbank8                    bank8        000000
__Hbank9                    bank9        000000
__Hbigbss                   bigbss       000000
__Hbigdata                  bigdata      000000
__Hbigram                   bigram       000000
__Hbss                      bss          000000
__HbssBANK0                 bssBANK0     000000
__HbssCOMRAM                bssCOMRAM    000000
__Hcinit                    cinit        000000
__Hclrtext                  clrtext      000000
__Hcomram                   comram       000000
__Hconfig                   config       30000E
__Hconst                    const        000000
__HcstackCOMRAM             cstackCOMRAM 000000
__Hdata                     data         000000
__Heeprom_data              eeprom_data  000000
__Hfarbss                   farbss       000000
__Hfardata                  fardata      000000
__Hibigdata                 ibigdata     000000
__Hidata                    idata        000000
__Hidloc                    idloc        200008
__Hifardata                 ifardata     000000
__Hinit                     init         000004
__Hintcode                  intcode      000000
__Hintcode_body             intcode_body 000000
__Hintcodelo                intcodelo    000000
__Hintentry                 intentry     000000
__Hintret                   intret       000000
__Hintsave_regs             intsave_regs 000000
__Hirdata                   irdata       000000
__Hmediumconst              mediumconst  010000
__HnvFARRAM                 nvFARRAM     000000
__Hnvbit                    nvbit        000000
__Hnvrram                   nvrram       000000
__Hparam                    rparam       000000
__Hpowerup                  powerup      000000
__Hram                      ram          000000
__Hramtop                   ramtop       001000
__Hrbit                     rbit         000000
__Hrbss                     rbss         000000
__Hrdata                    rdata        000000
__Hreset_vec                reset_vec    000000
__Hrparam                   rparam       000000
__Hsfr                      sfr          000000
__Hsmallconst               smallconst   000000
__Hspace_0                  (abs)        30000E
__Hspace_1                  (abs)        0000BE
__Hspace_2                  (abs)        000000
__Hstack                    stack        000000
__Hstruct                   struct       000000
__Htemp                     temp         000000
__Htext                     text         000000
__Htext0                    text0        000000
__Htext1                    text1        000000
__Htext10                   text10       000000
__Htext11                   text11       000000
__Htext12                   text12       000000
__Htext13                   text13       000000
__Htext14                   text14       000000
__Htext15                   text15       000000
__Htext16                   text16       000000
__Htext17                   text17       000000
__Htext18                   text18       000000
__Htext19                   text19       000000
__Htext2                    text2        000000
__Htext20                   text20       000000
__Htext21                   text21       000000
__Htext22                   text22       000000
__Htext23                   text23       000000
__Htext24                   text24       000000
__Htext25                   text25       000000
__Htext26                   text26       000000
__Htext27                   text27       000000
__Htext28                   text28       000000
__Htext29                   text29       000000
__Htext3                    text3        000000
__Htext30                   text30       000000
__Htext31                   text31       000000
__Htext32                   text32       000000
__Htext4                    text4        000000
__Htext5                    text5        000000
__Htext6                    text6        000000
__Htext7                    text7        000000
__Htext8                    text8        000000
__Htext9                    text9        000000
__LRAM                      (abs)        000001
__Labs1                     abs1         000000
__Lbank0                    bank0        000000
__Lbank1                    bank1        000000
__Lbank10                   bank10       000000
__Lbank11                   bank11       000000
__Lbank12                   bank12       000000
__Lbank13                   bank13       000000
__Lbank14                   bank14       000000
__Lbank15                   bank15       000000
__Lbank2                    bank2        000000
__Lbank3                    bank3        000000
__Lbank4                    bank4        000000
__Lbank5                    bank5        000000
__Lbank6                    bank6        000000
__Lbank7                    bank7        000000
__Lbank8                    bank8        000000
__Lbank9                    bank9        000000
__Lbigbss                   bigbss       000000
__Lbigdata                  bigdata      000000
__Lbigram                   bigram       000000
__Lbss                      bss          000000
__LbssBANK0                 bssBANK0     000000
__LbssCOMRAM                bssCOMRAM    000000
__Lcinit                    cinit        000000
__Lclrtext                  clrtext      000000
__Lcomram                   comram       000000
__Lconfig                   config       300000
__Lconst                    const        000000
__LcstackCOMRAM             cstackCOMRAM 000000
__Ldata                     data         000000
__Leeprom_data              eeprom_data  000000
__Lfarbss                   farbss       000000
__Lfardata                  fardata      000000
__Libigdata                 ibigdata     000000
__Lidata                    idata        000000
__Lidloc                    idloc        200000
__Lifardata                 ifardata     000000
__Linit                     init         000000
__Lintcode                  intcode      000000
__Lintcode_body             intcode_body 000000
__Lintcodelo                intcodelo    000000
__Lintentry                 intentry     000000
__Lintret                   intret       000000
__Lintsave_regs             intsave_regs 000000
__Lirdata                   irdata       000000
__Lmediumconst              mediumconst  00FE52
__LnvFARRAM                 nvFARRAM     000000
__Lnvbit                    nvbit        000000
__Lnvrram                   nvrram       000000
__Lparam                    rparam       000000
__Lpowerup                  powerup      000000
__Lram                      ram          000000
__Lramtop                   ramtop       001000
__Lrbit                     rbit         000000
__Lrbss                     rbss         000000
__Lrdata                    rdata        000000
__Lreset_vec                reset_vec    000000
__Lrparam                   rparam       000000
__Lsfr                      sfr          000000
__Lsmallconst               smallconst   000000
__Lspace_0                  (abs)        000000
__Lspace_1                  (abs)        000000
__Lspace_2                  (abs)        000000
__Lstack                    stack        000000
__Lstruct                   struct       000000
__Ltemp                     temp         000000
__Ltext                     text         000000
__Ltext0                    text0        000000
__Ltext1                    text1        000000
__Ltext10                   text10       000000
__Ltext11                   text11       000000
__Ltext12                   text12       000000
__Ltext13                   text13       000000
__Ltext14                   text14       000000
__Ltext15                   text15       000000
__Ltext16                   text16       000000
__Ltext17                   text17       000000
__Ltext18                   text18       000000
__Ltext19                   text19       000000
__Ltext2                    text2        000000
__Ltext20                   text20       000000
__Ltext21                   text21       000000
__Ltext22                   text22       000000
__Ltext23                   text23       000000
__Ltext24                   text24       000000
__Ltext25                   text25       000000
__Ltext26                   text26       000000
__Ltext27                   text27       000000
__Ltext28                   text28       000000
__Ltext29                   text29       000000
__Ltext3                    text3        000000
__Ltext30                   text30       000000
__Ltext31                   text31       000000
__Ltext32                   text32       000000
__Ltext4                    text4        000000
__Ltext5                    text5        000000
__Ltext6                    text6        000000
__Ltext7                    text7        000000
__Ltext8                    text8        000000
__Ltext9                    text9        000000
__S0                        (abs)        30000E
__S1                        (abs)        0000BE
__S2                        (abs)        000000
___awdiv                    text8        00D90A
___awdiv@counter            cstackCOMRAM 00000B
___awdiv@dividend           cstackCOMRAM 000007
___awdiv@divisor            cstackCOMRAM 000009
___awdiv@quotient           cstackCOMRAM 00000D
___awdiv@sign               cstackCOMRAM 00000C
___awmod                    text7        00D79A
___awmod@counter            cstackCOMRAM 000005
___awmod@dividend           cstackCOMRAM 000001
___awmod@divisor            cstackCOMRAM 000003
___awmod@sign               cstackCOMRAM 000006
___ftadd                    text14       00E084
___ftadd@exp1               cstackCOMRAM 000039
___ftadd@exp2               cstackCOMRAM 000038
___ftadd@f1                 cstackCOMRAM 00002E
___ftadd@f2                 cstackCOMRAM 000031
___ftadd@sign               cstackCOMRAM 000037
___ftdiv                    text23       00DB5C
___ftdiv@cntr               cstackCOMRAM 000015
___ftdiv@exp                cstackCOMRAM 000019
___ftdiv@f1                 cstackCOMRAM 00000C
___ftdiv@f2                 cstackCOMRAM 00000F
___ftdiv@f3                 cstackCOMRAM 000016
___ftdiv@sign               cstackCOMRAM 00001A
___ftge                     text16       00DA1E
___ftge@ff1                 cstackCOMRAM 000001
___ftge@ff2                 cstackCOMRAM 000004
___ftmul                    text22       00DC42
___ftmul@cntr               cstackCOMRAM 000022
___ftmul@exp                cstackCOMRAM 00001E
___ftmul@f1                 cstackCOMRAM 000015
___ftmul@f2                 cstackCOMRAM 000018
___ftmul@f3_as_product      cstackCOMRAM 00001F
___ftmul@sign               cstackCOMRAM 000023
___ftneg                    text15       00D590
___ftneg@f1                 cstackCOMRAM 000001
___ftpack                   text24       00DAAE
___ftpack@arg               cstackCOMRAM 000001
___ftpack@exp               cstackCOMRAM 000004
___ftpack@sign              cstackCOMRAM 000005
___ftsub                    text13       00D64C
___ftsub@f1                 cstackCOMRAM 00003A
___ftsub@f2                 cstackCOMRAM 00003D
___fttol                    text21       00DD36
___fttol@exp1               cstackCOMRAM 000039
___fttol@f1                 cstackCOMRAM 00002B
___fttol@lval               cstackCOMRAM 000035
___fttol@sign1              cstackCOMRAM 000034
___inthi_sp                 stack        000000
___intlo_sp                 stack        000000
___lldiv                    text12       00D888
___lldiv@counter            cstackCOMRAM 00000D
___lldiv@dividend           cstackCOMRAM 000001
___lldiv@divisor            cstackCOMRAM 000005
___lldiv@quotient           cstackCOMRAM 000009
___llmod                    text11       00D734
___llmod@counter            cstackCOMRAM 000016
___llmod@dividend           cstackCOMRAM 00000E
___llmod@divisor            cstackCOMRAM 000012
___lltoft                   text20       00D6D8
___lltoft@c                 cstackCOMRAM 000009
___lltoft@exp               cstackCOMRAM 000011
___lwtoft                   text19       00D56C
___lwtoft@c                 cstackCOMRAM 000009
___param_bank               (abs)        000000
___rparam_used              (abs)        000001
___sp                       stack        000000
___wmul                     text6        00D5B4
___wmul@multiplicand        cstackCOMRAM 000011
___wmul@multiplier          cstackCOMRAM 00000F
___wmul@product             cstackCOMRAM 000013
__accesstop                 (abs)        000080
__activetblptr              (abs)        000002
__div_to_l_                 text10       00DE2A
__div_to_l_@cntr            cstackCOMRAM 00000B
__div_to_l_@exp1            cstackCOMRAM 00000C
__div_to_l_@f1              cstackCOMRAM 000001
__div_to_l_@f2              cstackCOMRAM 000004
__div_to_l_@quot            cstackCOMRAM 000007
__end_of_ACMD22             mediumconst  00FEF2
__end_of_ACMD23             mediumconst  00FEF1
__end_of_ACMD41             mediumconst  00FEF0
__end_of_CMD0               mediumconst  00FF05
__end_of_CMD0CRC            mediumconst  00FF04
__end_of_CMD1               mediumconst  00FF03
__end_of_CMD10              mediumconst  00FEFF
__end_of_CMD12              mediumconst  00FEFE
__end_of_CMD13              mediumconst  00FEFD
__end_of_CMD16              mediumconst  00FEFC
__end_of_CMD17              mediumconst  00FEFB
__end_of_CMD18              mediumconst  00FEFA
__end_of_CMD24              mediumconst  00FEF9
__end_of_CMD25              mediumconst  00FEF8
__end_of_CMD32              mediumconst  00FEF7
__end_of_CMD33              mediumconst  00FEF6
__end_of_CMD38              mediumconst  00FEF5
__end_of_CMD55              mediumconst  00FEF4
__end_of_CMD58              mediumconst  00FEF3
__end_of_CMD8               mediumconst  00FF02
__end_of_CMD8CRC            mediumconst  00FF01
__end_of_CMD9               mediumconst  00FF00
__end_of_LCD_HORZ_LIMIT     mediumconst  00FF0B
__end_of_LCD_LEFT           mediumconst  00FF06
__end_of_LCD_RIGHT          mediumconst  00FF07
__end_of_LCD_SIZE_HORZ      mediumconst  00FF09
__end_of_LCD_SIZE_VERT      mediumconst  00FF08
__end_of_LCD_VERT_LIMIT     mediumconst  00FF0A
__end_of_R1_IDLE_STATE      mediumconst  00FEEE
__end_of_R1_ILLEGAL_COMMAND mediumconst  00FEED
__end_of_R1_READY_STATE     mediumconst  00FEEF
__end_of_SD_ACMD            text25       00D64C
__end_of_SD_Command         text26       00DA1E
__end_of_START_BLOCK        mediumconst  00FEEC
__end_of_START_BLOCK_TOKEN  mediumconst  00FEEB
__end_of_STOP_TRAN          mediumconst  00FEEA
__end_of___awdiv            text8        00D98E
__end_of___awmod            text7        00D80A
__end_of___ftadd            text14       00E230
__end_of___ftdiv            text23       00DC42
__end_of___ftge             text16       00DAAE
__end_of___ftmul            text22       00DD36
__end_of___ftneg            text15       00D5B4
__end_of___ftpack           text24       00DB5C
__end_of___ftsub            text13       00D68C
__end_of___fttol            text21       00DE2A
__end_of___lldiv            text12       00D90A
__end_of___llmod            text11       00D79A
__end_of___lltoft           text20       00D734
__end_of___lwtoft           text19       00D590
__end_of___wmul             text6        00D5DA
__end_of__div_to_l_         text10       00DF52
__end_of__initialization    cinit        00D520
__end_of__npowers_          mediumconst  00FEC9
__end_of__powers_           mediumconst  00FEA2
__end_of__tdiv_to_l_        text9        00E084
__end_of_dpowers            mediumconst  00FE7B
__end_of_fround             text5        00E476
__end_of_hexpowers          mediumconst  00FEE9
__end_of_initLCD            text30       00D6D8
__end_of_initSD             text17       00F4CE
__end_of_isdigit            text4        00D548
__end_of_lcdInst            text31       00D4FC
__end_of_lcdNibble          text32       00D888
__end_of_main               text0        00ECBE
__end_of_printf             text1        00FE52
__end_of_putch              text3        00D510
__end_of_scale              text2        00E866
__end_of_spiInit            text18       00D612
__end_of_spiReceive         text28       00D4DE
__end_of_spiSend            text27       00D4E8
__end_of_spiTransfer        text29       00D56C
__initialization            cinit        00D510
__mediumconst               mediumconst  00FE52
__npowers_                  mediumconst  00FEA2
__pbssBANK0                 bssBANK0     000080
__pbssCOMRAM                bssCOMRAM    00007B
__pcinit                    cinit        00D510
__pcstackCOMRAM             cstackCOMRAM 000001
__pmediumconst              mediumconst  00FE52
__powers_                   mediumconst  00FE7B
__ptext0                    text0        00E866
__ptext1                    text1        00F4CE
__ptext10                   text10       00DE2A
__ptext11                   text11       00D734
__ptext12                   text12       00D888
__ptext13                   text13       00D64C
__ptext14                   text14       00E084
__ptext15                   text15       00D590
__ptext16                   text16       00DA1E
__ptext17                   text17       00ECBE
__ptext18                   text18       00D5DA
__ptext19                   text19       00D56C
__ptext2                    text2        00E476
__ptext20                   text20       00D6D8
__ptext21                   text21       00DD36
__ptext22                   text22       00DC42
__ptext23                   text23       00DB5C
__ptext24                   text24       00DAAE
__ptext25                   text25       00D612
__ptext26                   text26       00D98E
__ptext27                   text27       00D4DE
__ptext28                   text28       00D4D6
__ptext29                   text29       00D548
__ptext3                    text3        00D4FC
__ptext30                   text30       00D68C
__ptext31                   text31       00D4E8
__ptext32                   text32       00D80A
__ptext4                    text4        00D52A
__ptext5                    text5        00E230
__ptext6                    text6        00D5B4
__ptext7                    text7        00D79A
__ptext8                    text8        00D90A
__ptext9                    text9        00DF52
__ramtop                    ramtop       001000
__size_of_SD_ACMD           (abs)        000000
__size_of_SD_Command        (abs)        000000
__size_of___awdiv           (abs)        000000
__size_of___awmod           (abs)        000000
__size_of___ftadd           (abs)        000000
__size_of___ftdiv           (abs)        000000
__size_of___ftge            (abs)        000000
__size_of___ftmul           (abs)        000000
__size_of___ftneg           (abs)        000000
__size_of___ftpack          (abs)        000000
__size_of___ftsub           (abs)        000000
__size_of___fttol           (abs)        000000
__size_of___lldiv           (abs)        000000
__size_of___llmod           (abs)        000000
__size_of___lltoft          (abs)        000000
__size_of___lwtoft          (abs)        000000
__size_of___wmul            (abs)        000000
__size_of__div_to_l_        (abs)        000000
__size_of__tdiv_to_l_       (abs)        000000
__size_of_fround            (abs)        000000
__size_of_initLCD           (abs)        000000
__size_of_initSD            (abs)        000000
__size_of_isdigit           (abs)        000000
__size_of_lcdInst           (abs)        000000
__size_of_lcdNibble         (abs)        000000
__size_of_main              (abs)        000000
__size_of_printf            (abs)        000000
__size_of_putch             (abs)        000000
__size_of_scale             (abs)        000000
__size_of_spiInit           (abs)        000000
__size_of_spiReceive        (abs)        000000
__size_of_spiSend           (abs)        000000
__size_of_spiTransfer       (abs)        000000
__smallconst                smallconst   000000
__tdiv_to_l_                text9        00DF52
__tdiv_to_l_@cntr           cstackCOMRAM 00000E
__tdiv_to_l_@exp1           cstackCOMRAM 00000F
__tdiv_to_l_@f1             cstackCOMRAM 000001
__tdiv_to_l_@f2             cstackCOMRAM 000004
__tdiv_to_l_@quot           cstackCOMRAM 00000A
_dpowers                    mediumconst  00FE53
_fround                     text5        00E230
_fround$1463                cstackCOMRAM 00002A
_fround$1464                cstackCOMRAM 000027
_hexpowers                  mediumconst  00FEC9
_initLCD                    text30       00D68C
_initSD                     text17       00ECBE
_isdigit                    text4        00D52A
_isdigit$1087               cstackCOMRAM 000002
_lcdInst                    text31       00D4E8
_lcdNibble                  text32       00D80A
_main                       text0        00E866
_printf                     text1        00F4CE
_printf$1466                cstackCOMRAM 000052
_putch                      text3        00D4FC
_scale                      text2        00E476
_scale$1465                 cstackCOMRAM 000027
_spiInit                    text18       00D5DA
_spiReceive                 text28       00D4D6
_spiSend                    text27       00D4DE
_spiTransfer                text29       00D548
end_of_initialization       cinit        00D520
fround@prec                 cstackCOMRAM 00002D
initSD@F3023                bssBANK0     0000AE
initSD@argument             cstackCOMRAM 000041
initSD@arr_response         cstackCOMRAM 00004B
initSD@i                    cstackCOMRAM 000060
initSD@last_OSCCON          cstackCOMRAM 000045
initSD@last_OSCTUNE         cstackCOMRAM 000046
initSD@response             cstackCOMRAM 00005F
initSD@tempSize             cstackCOMRAM 000047
initSD@tempSize_802         cstackCOMRAM 00005B
intlevel0                   text         000000
intlevel1                   text         000000
intlevel2                   text         000000
intlevel3                   text         000000
isdigit@c                   cstackCOMRAM 000003
lcd@LCDinterruptState       bssCOMRAM    00007B
lcdInst@data                cstackCOMRAM 000003
lcdNibble@data              cstackCOMRAM 000002
lcdNibble@temp              cstackCOMRAM 000001
main@PNM                    cstackCOMRAM 000076
main@month                  cstackCOMRAM 000075
main@year                   cstackCOMRAM 000073
printf@ap                   cstackCOMRAM 00005A
printf@c                    cstackCOMRAM 00006D
printf@cp                   cstackCOMRAM 000055
printf@exp                  cstackCOMRAM 00005C
printf@f                    cstackCOMRAM 000040
printf@flag                 cstackCOMRAM 00005E
printf@fval                 cstackCOMRAM 000068
printf@idx                  cstackCOMRAM 000057
printf@len                  cstackCOMRAM 000058
printf@prec                 cstackCOMRAM 00006B
printf@tmpval               cstackCOMRAM 000060
printf@val                  cstackCOMRAM 000064
putch@data                  cstackCOMRAM 000003
scale@scl                   cstackCOMRAM 00002A
spiInit@divider             cstackCOMRAM 000001
spiSend@val                 cstackCOMRAM 000003
spiTransfer@byteToTransfer  cstackCOMRAM 000002
stackhi                     (abs)        000F7F
stacklo                     (abs)        0000BE
start                       init         000000
start_initialization        cinit        00D510


FUNCTION INFORMATION:

 *************** function _main *****************
 Defined at:
		line 23 in file "main.c"
 Parameters:    Size  Location     Type
		None
 Auto vars:     Size  Location     Type
  PNM             5  117[COMRAM] unsigned char [5]
  year            2  114[COMRAM] unsigned short 
  month           1  116[COMRAM] unsigned char 
 Return value:  Size  Location     Type
                  1    wreg      void 
 Registers used:
		wreg, fsr1l, fsr1h, fsr2l, fsr2h, status,2, status,0, tblptrl, tblptrh, tblptru, prodl, prodh, cstack
 Tracked objects:
		On entry : 
		On exit  : 
		Unchanged: 
 Data sizes:     COMRAM   BANK0   BANK1   BANK2   BANK3   BANK4   BANK5   BANK6   BANK7   BANK8   BANK9  BANK10  BANK11  BANK12  BANK13  BANK14  BANK15
      Params:         0       0       0       0       0       0       0       0       0       0       0       0       0       0       0       0       0
      Locals:         8       0       0       0       0       0       0       0       0       0       0       0       0       0       0       0       0
      Temps:          5       0       0       0       0       0       0       0       0       0       0       0       0       0       0       0       0
      Totals:        13       0       0       0       0       0       0       0       0       0       0       0       0       0       0       0       0
Total ram usage:       13 bytes
 Hardware stack levels required when called:    5
 This function calls:
		_initLCD
		_initSD
		_lcdInst
		_printf
 This function is called by:
		Startup code after reset
 This function uses a non-reentrant model


 *************** function _printf *****************
 Defined at:
		line 464 in file "D:\Program Files (x86)\Microchip\xc8\v1.42\sources\common\doprnt.c"
 Parameters:    Size  Location     Type
  f               2   63[COMRAM] PTR const unsigned char 
		 -> STR_19(16), STR_18(6), STR_17(14), STR_16(9), 
		 -> STR_15(11), STR_14(3), STR_13(10), STR_12(11), 
		 -> STR_11(16), STR_10(13), STR_9(13), STR_8(15), 
		 -> STR_7(11), STR_6(14), STR_5(14), STR_4(10), 
		 -> STR_3(11), STR_2(16), STR_1(17), 
 Auto vars:     Size  Location     Type
  idx             1   86[COMRAM] unsigned char 
  val             4   99[COMRAM] unsigned long 
  tmpval          4   95[COMRAM] struct .
  fval            3  103[COMRAM] struct .
  prec            2  106[COMRAM] int 
  flag            2   93[COMRAM] unsigned short 
  exp             2   91[COMRAM] int 
  ap              2   89[COMRAM] PTR void [1]
		 -> ?_printf(2), 
  len             2   87[COMRAM] unsigned int 
  cp              2   84[COMRAM] PTR const unsigned char 
		 -> printf@c(1), 
  width           2    0        int 
  c               1  108[COMRAM] char 
  d               1    0        unsigned char 
 Return value:  Size  Location     Type
                  2   63[COMRAM] int 
 Registers used:
		wreg, fsr2l, fsr2h, status,2, status,0, tblptrl, tblptrh, tblptru, prodl, prodh, cstack
 Tracked objects:
		On entry : 
		On exit  : 
		Unchanged: 
 Data sizes:     COMRAM   BANK0   BANK1   BANK2   BANK3   BANK4   BANK5   BANK6   BANK7   BANK8   BANK9  BANK10  BANK11  BANK12  BANK13  BANK14  BANK15
      Params:        12       0       0       0       0       0       0       0       0       0       0       0       0       0       0       0       0
      Locals:        28       0       0       0       0       0       0       0       0       0       0       0       0       0       0       0       0
      Temps:          6       0       0       0       0       0       0       0       0       0       0       0       0       0       0       0       0
      Totals:        46       0       0       0       0       0       0       0       0       0       0       0       0       0       0       0       0
Total ram usage:       46 bytes
 Hardware stack levels used:    1
 Hardware stack levels required when called:    3
 This function calls:
		___awdiv
		___ftadd
		___ftge
		___ftmul
		___ftneg
		___ftsub
		___fttol
		___lldiv
		___llmod
		___lltoft
		___wmul
		__div_to_l_
		__tdiv_to_l_
		_fround
		_isdigit
		_putch
		_scale
 This function is called by:
		_main
 This function uses a non-reentrant model


 *************** function _scale *****************
 Defined at:
		line 425 in file "D:\Program Files (x86)\Microchip\xc8\v1.42\sources\common\doprnt.c"
 Parameters:    Size  Location     Type
  scl             1    wreg     char 
 Auto vars:     Size  Location     Type
  scl             1   41[COMRAM] char 
 Return value:  Size  Location     Type
                  3   35[COMRAM] char 
 Registers used:
		wreg, status,2, status,0, tblptrl, tblptrh, tblptru, prodl, prodh, cstack
 Tracked objects:
		On entry : 
		On exit  : 
		Unchanged: 
 Data sizes:     COMRAM   BANK0   BANK1   BANK2   BANK3   BANK4   BANK5   BANK6   BANK7   BANK8   BANK9  BANK10  BANK11  BANK12  BANK13  BANK14  BANK15
      Params:         3       0       0       0       0       0       0       0       0       0       0       0       0       0       0       0       0
      Locals:         4       0       0       0       0       0       0       0       0       0       0       0       0       0       0       0       0
      Temps:          0       0       0       0       0       0       0       0       0       0       0       0       0       0       0       0       0
      Totals:         7       0       0       0       0       0       0       0       0       0       0       0       0       0       0       0       0
Total ram usage:        7 bytes
 Hardware stack levels used:    1
 Hardware stack levels required when called:    2
 This function calls:
		___awdiv
		___awmod
		___ftmul
		___wmul
 This function is called by:
		_printf
 This function uses a non-reentrant model


 *************** function _putch *****************
 Defined at:
		line 24 in file "lcd.c"
 Parameters:    Size  Location     Type
  data            1    wreg     unsigned char 
 Auto vars:     Size  Location     Type
  data            1    2[COMRAM] unsigned char 
 Return value:  Size  Location     Type
                  1    wreg      void 
 Registers used:
		wreg, status,2, status,0, cstack
 Tracked objects:
		On entry : 
		On exit  : 
		Unchanged: 
 Data sizes:     COMRAM   BANK0   BANK1   BANK2   BANK3   BANK4   BANK5   BANK6   BANK7   BANK8   BANK9  BANK10  BANK11  BANK12  BANK13  BANK14  BANK15
      Params:         0       0       0       0       0       0       0       0       0       0       0       0       0       0       0       0       0
      Locals:         1       0       0       0       0       0       0       0       0       0       0       0       0       0       0       0       0
      Temps:          0       0       0       0       0       0       0       0       0       0       0       0       0       0       0       0       0
      Totals:         1       0       0       0       0       0       0       0       0       0       0       0       0       0       0       0       0
Total ram usage:        1 bytes
 Hardware stack levels used:    1
 Hardware stack levels required when called:    1
 This function calls:
		_lcdNibble
 This function is called by:
		_printf
 This function uses a non-reentrant model


 *************** function _isdigit *****************
 Defined at:
		line 8 in file "D:\Program Files (x86)\Microchip\xc8\v1.42\sources\common\isdigit.c"
 Parameters:    Size  Location     Type
  c               1    wreg     unsigned char 
 Auto vars:     Size  Location     Type
  c               1    2[COMRAM] unsigned char 
 Return value:  Size  Location     Type
		None               void
 Registers used:
		wreg, status,2, status,0
 Tracked objects:
		On entry : 
		On exit  : 
		Unchanged: 
 Data sizes:     COMRAM   BANK0   BANK1   BANK2   BANK3   BANK4   BANK5   BANK6   BANK7   BANK8   BANK9  BANK10  BANK11  BANK12  BANK13  BANK14  BANK15
      Params:         0       0       0       0       0       0       0       0       0       0       0       0       0       0       0       0       0
      Locals:         2       0       0       0       0       0       0       0       0       0       0       0       0       0       0       0       0
      Temps:          1       0       0       0       0       0       0       0       0       0       0       0       0       0       0       0       0
      Totals:         3       0       0       0       0       0       0       0       0       0       0       0       0       0       0       0       0
Total ram usage:        3 bytes
 Hardware stack levels used:    1
 This function calls:
		Nothing
 This function is called by:
		_printf
 This function uses a non-reentrant model


 *************** function _fround *****************
 Defined at:
		line 409 in file "D:\Program Files (x86)\Microchip\xc8\v1.42\sources\common\doprnt.c"
 Parameters:    Size  Location     Type
  prec            1    wreg     unsigned char 
 Auto vars:     Size  Location     Type
  prec            1   44[COMRAM] unsigned char 
 Return value:  Size  Location     Type
                  3   35[COMRAM] unsigned char 
 Registers used:
		wreg, status,2, status,0, tblptrl, tblptrh, tblptru, prodl, prodh, cstack
 Tracked objects:
		On entry : 
		On exit  : 
		Unchanged: 
 Data sizes:     COMRAM   BANK0   BANK1   BANK2   BANK3   BANK4   BANK5   BANK6   BANK7   BANK8   BANK9  BANK10  BANK11  BANK12  BANK13  BANK14  BANK15
      Params:         3       0       0       0       0       0       0       0       0       0       0       0       0       0       0       0       0
      Locals:         7       0       0       0       0       0       0       0       0       0       0       0       0       0       0       0       0
      Temps:          0       0       0       0       0       0       0       0       0       0       0       0       0       0       0       0       0
      Totals:        10       0       0       0       0       0       0       0       0       0       0       0       0       0       0       0       0
Total ram usage:       10 bytes
 Hardware stack levels used:    1
 Hardware stack levels required when called:    2
 This function calls:
		___awdiv
		___awmod
		___ftmul
		___wmul
 This function is called by:
		_printf
 This function uses a non-reentrant model


 *************** function ___wmul *****************
 Defined at:
		line 15 in file "D:\Program Files (x86)\Microchip\xc8\v1.42\sources\common\Umul16.c"
 Parameters:    Size  Location     Type
  multiplier      2   14[COMRAM] unsigned int 
  multiplicand    2   16[COMRAM] unsigned int 
 Auto vars:     Size  Location     Type
  product         2   18[COMRAM] unsigned int 
 Return value:  Size  Location     Type
                  2   14[COMRAM] unsigned int 
 Registers used:
		wreg, status,2, status,0, prodl, prodh
 Tracked objects:
		On entry : 
		On exit  : 
		Unchanged: 
 Data sizes:     COMRAM   BANK0   BANK1   BANK2   BANK3   BANK4   BANK5   BANK6   BANK7   BANK8   BANK9  BANK10  BANK11  BANK12  BANK13  BANK14  BANK15
      Params:         4       0       0       0       0       0       0       0       0       0       0       0       0       0       0       0       0
      Locals:         2       0       0       0       0       0       0       0       0       0       0       0       0       0       0       0       0
      Temps:          0       0       0       0       0       0       0       0       0       0       0       0       0       0       0       0       0
      Totals:         6       0       0       0       0       0       0       0       0       0       0       0       0       0       0       0       0
Total ram usage:        6 bytes
 Hardware stack levels used:    1
 This function calls:
		Nothing
 This function is called by:
		_fround
		_scale
		_printf
 This function uses a non-reentrant model


 *************** function ___awmod *****************
 Defined at:
		line 8 in file "D:\Program Files (x86)\Microchip\xc8\v1.42\sources\common\awmod.c"
 Parameters:    Size  Location     Type
  dividend        2    0[COMRAM] int 
  divisor         2    2[COMRAM] int 
 Auto vars:     Size  Location     Type
  sign            1    5[COMRAM] unsigned char 
  counter         1    4[COMRAM] unsigned char 
 Return value:  Size  Location     Type
                  2    0[COMRAM] int 
 Registers used:
		wreg, status,2, status,0
 Tracked objects:
		On entry : 
		On exit  : 
		Unchanged: 
 Data sizes:     COMRAM   BANK0   BANK1   BANK2   BANK3   BANK4   BANK5   BANK6   BANK7   BANK8   BANK9  BANK10  BANK11  BANK12  BANK13  BANK14  BANK15
      Params:         4       0       0       0       0       0       0       0       0       0       0       0       0       0       0       0       0
      Locals:         2       0       0       0       0       0       0       0       0       0       0       0       0       0       0       0       0
      Temps:          0       0       0       0       0       0       0       0       0       0       0       0       0       0       0       0       0
      Totals:         6       0       0       0       0       0       0       0       0       0       0       0       0       0       0       0       0
Total ram usage:        6 bytes
 Hardware stack levels used:    1
 This function calls:
		Nothing
 This function is called by:
		_fround
		_scale
 This function uses a non-reentrant model


 *************** function ___awdiv *****************
 Defined at:
		line 8 in file "D:\Program Files (x86)\Microchip\xc8\v1.42\sources\common\awdiv.c"
 Parameters:    Size  Location     Type
  dividend        2    6[COMRAM] int 
  divisor         2    8[COMRAM] int 
 Auto vars:     Size  Location     Type
  quotient        2   12[COMRAM] int 
  sign            1   11[COMRAM] unsigned char 
  counter         1   10[COMRAM] unsigned char 
 Return value:  Size  Location     Type
                  2    6[COMRAM] int 
 Registers used:
		wreg, status,2, status,0
 Tracked objects:
		On entry : 
		On exit  : 
		Unchanged: 
 Data sizes:     COMRAM   BANK0   BANK1   BANK2   BANK3   BANK4   BANK5   BANK6   BANK7   BANK8   BANK9  BANK10  BANK11  BANK12  BANK13  BANK14  BANK15
      Params:         4       0       0       0       0       0       0       0       0       0       0       0       0       0       0       0       0
      Locals:         4       0       0       0       0       0       0       0       0       0       0       0       0       0       0       0       0
      Temps:          0       0       0       0       0       0       0       0       0       0       0       0       0       0       0       0       0
      Totals:         8       0       0       0       0       0       0       0       0       0       0       0       0       0       0       0       0
Total ram usage:        8 bytes
 Hardware stack levels used:    1
 This function calls:
		Nothing
 This function is called by:
		_fround
		_scale
		_printf
 This function uses a non-reentrant model


 *************** function __tdiv_to_l_ *****************
 Defined at:
		line 60 in file "D:\Program Files (x86)\Microchip\xc8\v1.42\sources\common\ftdivl.c"
 Parameters:    Size  Location     Type
  f1              3    0[COMRAM] float 
  f2              3    3[COMRAM] float 
 Auto vars:     Size  Location     Type
  quot            4    9[COMRAM] unsigned long 
  exp1            1   14[COMRAM] unsigned char 
  cntr            1   13[COMRAM] unsigned char 
 Return value:  Size  Location     Type
                  4    0[COMRAM] unsigned long 
 Registers used:
		wreg, status,2, status,0
 Tracked objects:
		On entry : 
		On exit  : 
		Unchanged: 
 Data sizes:     COMRAM   BANK0   BANK1   BANK2   BANK3   BANK4   BANK5   BANK6   BANK7   BANK8   BANK9  BANK10  BANK11  BANK12  BANK13  BANK14  BANK15
      Params:         6       0       0       0       0       0       0       0       0       0       0       0       0       0       0       0       0
      Locals:         6       0       0       0       0       0       0       0       0       0       0       0       0       0       0       0       0
      Temps:          3       0       0       0       0       0       0       0       0       0       0       0       0       0       0       0       0
      Totals:        15       0       0       0       0       0       0       0       0       0       0       0       0       0       0       0       0
Total ram usage:       15 bytes
 Hardware stack levels used:    1
 This function calls:
		Nothing
 This function is called by:
		_printf
 This function uses a non-reentrant model


 *************** function __div_to_l_ *****************
 Defined at:
		line 60 in file "D:\Program Files (x86)\Microchip\xc8\v1.42\sources\common\fldivl.c"
 Parameters:    Size  Location     Type
  f1              3    0[COMRAM] unsigned long 
  f2              3    3[COMRAM] unsigned long 
 Auto vars:     Size  Location     Type
  quot            4    6[COMRAM] unsigned long 
  exp1            1   11[COMRAM] unsigned char 
  cntr            1   10[COMRAM] unsigned char 
 Return value:  Size  Location     Type
                  4    0[COMRAM] unsigned long 
 Registers used:
		wreg, status,2, status,0
 Tracked objects:
		On entry : 
		On exit  : 
		Unchanged: 
 Data sizes:     COMRAM   BANK0   BANK1   BANK2   BANK3   BANK4   BANK5   BANK6   BANK7   BANK8   BANK9  BANK10  BANK11  BANK12  BANK13  BANK14  BANK15
      Params:         6       0       0       0       0       0       0       0       0       0       0       0       0       0       0       0       0
      Locals:         6       0       0       0       0       0       0       0       0       0       0       0       0       0       0       0       0
      Temps:          0       0       0       0       0       0       0       0       0       0       0       0       0       0       0       0       0
      Totals:        12       0       0       0       0       0       0       0       0       0       0       0       0       0       0       0       0
Total ram usage:       12 bytes
 Hardware stack levels used:    1
 This function calls:
		Nothing
 This function is called by:
		_printf
 This function uses a non-reentrant model


 *************** function ___llmod *****************
 Defined at:
		line 8 in file "D:\Program Files (x86)\Microchip\xc8\v1.42\sources\common\llmod.c"
 Parameters:    Size  Location     Type
  dividend        4   13[COMRAM] unsigned long 
  divisor         4   17[COMRAM] unsigned long 
 Auto vars:     Size  Location     Type
  counter         1   21[COMRAM] unsigned char 
 Return value:  Size  Location     Type
                  4   13[COMRAM] unsigned long 
 Registers used:
		wreg, status,2, status,0
 Tracked objects:
		On entry : 
		On exit  : 
		Unchanged: 
 Data sizes:     COMRAM   BANK0   BANK1   BANK2   BANK3   BANK4   BANK5   BANK6   BANK7   BANK8   BANK9  BANK10  BANK11  BANK12  BANK13  BANK14  BANK15
      Params:         8       0       0       0       0       0       0       0       0       0       0       0       0       0       0       0       0
      Locals:         1       0       0       0       0       0       0       0       0       0       0       0       0       0       0       0       0
      Temps:          0       0       0       0       0       0       0       0       0       0       0       0       0       0       0       0       0
      Totals:         9       0       0       0       0       0       0       0       0       0       0       0       0       0       0       0       0
Total ram usage:        9 bytes
 Hardware stack levels used:    1
 This function calls:
		Nothing
 This function is called by:
		_printf
 This function uses a non-reentrant model


 *************** function ___lldiv *****************
 Defined at:
		line 8 in file "D:\Program Files (x86)\Microchip\xc8\v1.42\sources\common\lldiv.c"
 Parameters:    Size  Location     Type
  dividend        4    0[COMRAM] unsigned long 
  divisor         4    4[COMRAM] unsigned long 
 Auto vars:     Size  Location     Type
  quotient        4    8[COMRAM] unsigned long 
  counter         1   12[COMRAM] unsigned char 
 Return value:  Size  Location     Type
                  4    0[COMRAM] unsigned long 
 Registers used:
		wreg, status,2, status,0
 Tracked objects:
		On entry : 
		On exit  : 
		Unchanged: 
 Data sizes:     COMRAM   BANK0   BANK1   BANK2   BANK3   BANK4   BANK5   BANK6   BANK7   BANK8   BANK9  BANK10  BANK11  BANK12  BANK13  BANK14  BANK15
      Params:         8       0       0       0       0       0       0       0       0       0       0       0       0       0       0       0       0
      Locals:         5       0       0       0       0       0       0       0       0       0       0       0       0       0       0       0       0
      Temps:          0       0       0       0       0       0       0       0       0       0       0       0       0       0       0       0       0
      Totals:        13       0       0       0       0       0       0       0       0       0       0       0       0       0       0       0       0
Total ram usage:       13 bytes
 Hardware stack levels used:    1
 This function calls:
		Nothing
 This function is called by:
		_printf
 This function uses a non-reentrant model


 *************** function ___ftsub *****************
 Defined at:
		line 20 in file "D:\Program Files (x86)\Microchip\xc8\v1.42\sources\common\ftsub.c"
 Parameters:    Size  Location     Type
  f1              3   57[COMRAM] float 
  f2              3   60[COMRAM] float 
 Auto vars:     Size  Location     Type
		None
 Return value:  Size  Location     Type
                  3   57[COMRAM] float 
 Registers used:
		wreg, status,2, status,0, cstack
 Tracked objects:
		On entry : 
		On exit  : 
		Unchanged: 
 Data sizes:     COMRAM   BANK0   BANK1   BANK2   BANK3   BANK4   BANK5   BANK6   BANK7   BANK8   BANK9  BANK10  BANK11  BANK12  BANK13  BANK14  BANK15
      Params:         6       0       0       0       0       0       0       0       0       0       0       0       0       0       0       0       0
      Locals:         0       0       0       0       0       0       0       0       0       0       0       0       0       0       0       0       0
      Temps:          0       0       0       0       0       0       0       0       0       0       0       0       0       0       0       0       0
      Totals:         6       0       0       0       0       0       0       0       0       0       0       0       0       0       0       0       0
Total ram usage:        6 bytes
 Hardware stack levels used:    1
 Hardware stack levels required when called:    2
 This function calls:
		___ftadd
 This function is called by:
		_printf
 This function uses a non-reentrant model


 *************** function ___ftadd *****************
 Defined at:
		line 86 in file "D:\Program Files (x86)\Microchip\xc8\v1.42\sources\common\ftadd.c"
 Parameters:    Size  Location     Type
  f1              3   45[COMRAM] float 
  f2              3   48[COMRAM] float 
 Auto vars:     Size  Location     Type
  exp1            1   56[COMRAM] unsigned char 
  exp2            1   55[COMRAM] unsigned char 
  sign            1   54[COMRAM] unsigned char 
 Return value:  Size  Location     Type
                  3   45[COMRAM] float 
 Registers used:
		wreg, status,2, status,0, cstack
 Tracked objects:
		On entry : 
		On exit  : 
		Unchanged: 
 Data sizes:     COMRAM   BANK0   BANK1   BANK2   BANK3   BANK4   BANK5   BANK6   BANK7   BANK8   BANK9  BANK10  BANK11  BANK12  BANK13  BANK14  BANK15
      Params:         6       0       0       0       0       0       0       0       0       0       0       0       0       0       0       0       0
      Locals:         3       0       0       0       0       0       0       0       0       0       0       0       0       0       0       0       0
      Temps:          3       0       0       0       0       0       0       0       0       0       0       0       0       0       0       0       0
      Totals:        12       0       0       0       0       0       0       0       0       0       0       0       0       0       0       0       0
Total ram usage:       12 bytes
 Hardware stack levels used:    1
 Hardware stack levels required when called:    1
 This function calls:
		___ftpack
 This function is called by:
		_printf
		___ftsub
 This function uses a non-reentrant model


 *************** function ___ftneg *****************
 Defined at:
		line 15 in file "D:\Program Files (x86)\Microchip\xc8\v1.42\sources\common\ftneg.c"
 Parameters:    Size  Location     Type
  f1              3    0[COMRAM] float 
 Auto vars:     Size  Location     Type
		None
 Return value:  Size  Location     Type
                  3    0[COMRAM] float 
 Registers used:
		wreg, status,2, status,0
 Tracked objects:
		On entry : 
		On exit  : 
		Unchanged: 
 Data sizes:     COMRAM   BANK0   BANK1   BANK2   BANK3   BANK4   BANK5   BANK6   BANK7   BANK8   BANK9  BANK10  BANK11  BANK12  BANK13  BANK14  BANK15
      Params:         3       0       0       0       0       0       0       0       0       0       0       0       0       0       0       0       0
      Locals:         0       0       0       0       0       0       0       0       0       0       0       0       0       0       0       0       0
      Temps:          0       0       0       0       0       0       0       0       0       0       0       0       0       0       0       0       0
      Totals:         3       0       0       0       0       0       0       0       0       0       0       0       0       0       0       0       0
Total ram usage:        3 bytes
 Hardware stack levels used:    1
 This function calls:
		Nothing
 This function is called by:
		_printf
 This function uses a non-reentrant model


 *************** function ___ftge *****************
 Defined at:
		line 4 in file "D:\Program Files (x86)\Microchip\xc8\v1.42\sources\common\ftge.c"
 Parameters:    Size  Location     Type
  ff1             3    0[COMRAM] float 
  ff2             3    3[COMRAM] float 
 Auto vars:     Size  Location     Type
		None
 Return value:  Size  Location     Type
		None               void
 Registers used:
		wreg, status,2, status,0
 Tracked objects:
		On entry : 
		On exit  : 
		Unchanged: 
 Data sizes:     COMRAM   BANK0   BANK1   BANK2   BANK3   BANK4   BANK5   BANK6   BANK7   BANK8   BANK9  BANK10  BANK11  BANK12  BANK13  BANK14  BANK15
      Params:         6       0       0       0       0       0       0       0       0       0       0       0       0       0       0       0       0
      Locals:         0       0       0       0       0       0       0       0       0       0       0       0       0       0       0       0       0
      Temps:          3       0       0       0       0       0       0       0       0       0       0       0       0       0       0       0       0
      Totals:         9       0       0       0       0       0       0       0       0       0       0       0       0       0       0       0       0
Total ram usage:        9 bytes
 Hardware stack levels used:    1
 This function calls:
		Nothing
 This function is called by:
		_printf
 This function uses a non-reentrant model


 *************** function _initSD *****************
 Defined at:
		line 458 in file "SD_PIC.c"
 Parameters:    Size  Location     Type
		None
 Auto vars:     Size  Location     Type
  tempSize        4   90[COMRAM] unsigned long 
  tempSize        4   70[COMRAM] unsigned long 
  arr_response   16   74[COMRAM] unsigned char [16]
  argument        4   64[COMRAM] unsigned long 
  i               1   95[COMRAM] unsigned char 
  response        1   94[COMRAM] unsigned char 
  last_OSCTUNE    1   69[COMRAM] unsigned char 
  last_OSCCON     1   68[COMRAM] unsigned char 
 Return value:  Size  Location     Type
                  1    wreg      void 
 Registers used:
		wreg, fsr1l, fsr1h, fsr2l, fsr2h, status,2, status,0, tblptrl, tblptrh, tblptru, prodl, prodh, cstack
 Tracked objects:
		On entry : 
		On exit  : 
		Unchanged: 
 Data sizes:     COMRAM   BANK0   BANK1   BANK2   BANK3   BANK4   BANK5   BANK6   BANK7   BANK8   BANK9  BANK10  BANK11  BANK12  BANK13  BANK14  BANK15
      Params:         0       0       0       0       0       0       0       0       0       0       0       0       0       0       0       0       0
      Locals:        32       0       0       0       0       0       0       0       0       0       0       0       0       0       0       0       0
      Temps:          7       0       0       0       0       0       0       0       0       0       0       0       0       0       0       0       0
      Totals:        39       0       0       0       0       0       0       0       0       0       0       0       0       0       0       0       0
Total ram usage:       39 bytes
 Hardware stack levels used:    1
 Hardware stack levels required when called:    4
 This function calls:
		_SD_ACMD
		_SD_Command
		___ftdiv
		___ftmul
		___fttol
		___lltoft
		___lwtoft
		_spiInit
		_spiReceive
		_spiSend
 This function is called by:
		_main
 This function uses a non-reentrant model


 *************** function _spiInit *****************
 Defined at:
		line 54 in file "SPI_PIC.c"
 Parameters:    Size  Location     Type
  divider         1    wreg     unsigned char 
 Auto vars:     Size  Location     Type
  divider         1    0[COMRAM] unsigned char 
 Return value:  Size  Location     Type
                  1    wreg      void 
 Registers used:
		wreg, status,2, status,0
 Tracked objects:
		On entry : 
		On exit  : 
		Unchanged: 
 Data sizes:     COMRAM   BANK0   BANK1   BANK2   BANK3   BANK4   BANK5   BANK6   BANK7   BANK8   BANK9  BANK10  BANK11  BANK12  BANK13  BANK14  BANK15
      Params:         0       0       0       0       0       0       0       0       0       0       0       0       0       0       0       0       0
      Locals:         1       0       0       0       0       0       0       0       0       0       0       0       0       0       0       0       0
      Temps:          0       0       0       0       0       0       0       0       0       0       0       0       0       0       0       0       0
      Totals:         1       0       0       0       0       0       0       0       0       0       0       0       0       0       0       0       0
Total ram usage:        1 bytes
 Hardware stack levels used:    1
 This function calls:
		Nothing
 This function is called by:
		_initSD
 This function uses a non-reentrant model


 *************** function ___lwtoft *****************
 Defined at:
		line 28 in file "D:\Program Files (x86)\Microchip\xc8\v1.42\sources\common\lwtoft.c"
 Parameters:    Size  Location     Type
  c               2    8[COMRAM] unsigned int 
 Auto vars:     Size  Location     Type
		None
 Return value:  Size  Location     Type
                  3    8[COMRAM] float 
 Registers used:
		wreg, status,2, status,0, cstack
 Tracked objects:
		On entry : 
		On exit  : 
		Unchanged: 
 Data sizes:     COMRAM   BANK0   BANK1   BANK2   BANK3   BANK4   BANK5   BANK6   BANK7   BANK8   BANK9  BANK10  BANK11  BANK12  BANK13  BANK14  BANK15
      Params:         3       0       0       0       0       0       0       0       0       0       0       0       0       0       0       0       0
      Locals:         0       0       0       0       0       0       0       0       0       0       0       0       0       0       0       0       0
      Temps:          0       0       0       0       0       0       0       0       0       0       0       0       0       0       0       0       0
      Totals:         3       0       0       0       0       0       0       0       0       0       0       0       0       0       0       0       0
Total ram usage:        3 bytes
 Hardware stack levels used:    1
 Hardware stack levels required when called:    1
 This function calls:
		___ftpack
 This function is called by:
		_initSD
 This function uses a non-reentrant model


 *************** function ___lltoft *****************
 Defined at:
		line 35 in file "D:\Program Files (x86)\Microchip\xc8\v1.42\sources\common\lltoft.c"
 Parameters:    Size  Location     Type
  c               4    8[COMRAM] unsigned long 
 Auto vars:     Size  Location     Type
  exp             1   16[COMRAM] unsigned char 
 Return value:  Size  Location     Type
                  3    8[COMRAM] float 
 Registers used:
		wreg, status,2, status,0, cstack
 Tracked objects:
		On entry : 
		On exit  : 
		Unchanged: 
[...]
      Temps:          3       0       0       0       0       0       0       0       0       0       0       0       0       0       0       0       0
      Totals:         8       0       0       0       0       0       0       0       0       0       0       0       0       0       0       0       0
Total ram usage:        8 bytes
 Hardware stack levels used:    1
 This function calls:
		Nothing
 This function is called by:
		___ftadd
		___ftdiv
		___ftmul
		___lltoft
		___lwtoft
 This function uses a non-reentrant model


 *************** function _SD_ACMD *****************
 Defined at:
		line 88 in file "SD_PIC.c"
 Parameters:    Size  Location     Type
  cmd             1    wreg     unsigned char 
  arg             4   12[COMRAM] unsigned long 
 Auto vars:     Size  Location     Type
  cmd             1   16[COMRAM] unsigned char 
 Return value:  Size  Location     Type
                  1    wreg      unsigned char 
 Registers used:
		wreg, fsr2l, fsr2h, status,2, status,0, tblptrl, tblptrh, tblptru, cstack
 Tracked objects:
		On entry : 
		On exit  : 
		Unchanged: 
 Data sizes:     COMRAM   BANK0   BANK1   BANK2   BANK3   BANK4   BANK5   BANK6   BANK7   BANK8   BANK9  BANK10  BANK11  BANK12  BANK13  BANK14  BANK15
      Params:         4       0       0       0       0       0       0       0       0       0       0       0       0       0       0       0       0
      Locals:         1       0       0       0       0       0       0       0       0       0       0       0       0       0       0       0       0
      Temps:          0       0       0       0       0       0       0       0       0       0       0       0       0       0       0       0       0
      Totals:         5       0       0       0       0       0       0       0       0       0       0       0       0       0       0       0       0
Total ram usage:        5 bytes
 Hardware stack levels used:    1
 Hardware stack levels required when called:    3
 This function calls:
		_SD_Command
 This function is called by:
		_initSD
		_SD_MBW_Start
 This function uses a non-reentrant model


 *************** function _SD_Command *****************
 Defined at:
		line 32 in file "SD_PIC.c"
 Parameters:    Size  Location     Type
  cmd             1    wreg     unsigned char 
  arg             4    3[COMRAM] unsigned long 
 Auto vars:     Size  Location     Type
  cmd             1    9[COMRAM] unsigned char 
  ptr             2    7[COMRAM] PTR unsigned char 
		 -> SD_Command@arg(4), 
  n               1   11[COMRAM] unsigned char 
  response        1   10[COMRAM] unsigned char 
 Return value:  Size  Location     Type
                  1    wreg      unsigned char 
 Registers used:
		wreg, fsr2l, fsr2h, status,2, status,0, tblptrl, tblptrh, tblptru, cstack
 Tracked objects:
		On entry : 
		On exit  : 
		Unchanged: 
 Data sizes:     COMRAM   BANK0   BANK1   BANK2   BANK3   BANK4   BANK5   BANK6   BANK7   BANK8   BANK9  BANK10  BANK11  BANK12  BANK13  BANK14  BANK15
      Params:         4       0       0       0       0       0       0       0       0       0       0       0       0       0       0       0       0
      Locals:         5       0       0       0       0       0       0       0       0       0       0       0       0       0       0       0       0
      Temps:          0       0       0       0       0       0       0       0       0       0       0       0       0       0       0       0       0
      Totals:         9       0       0       0       0       0       0       0       0       0       0       0       0       0       0       0       0
Total ram usage:        9 bytes
 Hardware stack levels used:    1
 Hardware stack levels required when called:    2
 This function calls:
		_spiReceive
		_spiSend
 This function is called by:
		_SD_ACMD
		_initSD
		_SD_SingleBlockWrite
		_SD_MBW_Start
		_SD_MBW_Send
		_SD_SingleBlockRead
		_SD_MBR_Start
		_SD_MBR_Stop
		_SD_EraseBlocks
 This function uses a non-reentrant model


 *************** function _spiSend *****************
 Defined at:
		line 33 in file "SPI_PIC.c"
 Parameters:    Size  Location     Type
  val             1    wreg     unsigned char 
 Auto vars:     Size  Location     Type
  val             1    2[COMRAM] unsigned char 
 Return value:  Size  Location     Type
                  1    wreg      void 
 Registers used:
		wreg, status,2, cstack
 Tracked objects:
		On entry : 
		On exit  : 
		Unchanged: 
 Data sizes:     COMRAM   BANK0   BANK1   BANK2   BANK3   BANK4   BANK5   BANK6   BANK7   BANK8   BANK9  BANK10  BANK11  BANK12  BANK13  BANK14  BANK15
      Params:         0       0       0       0       0       0       0       0       0       0       0       0       0       0       0       0       0
      Locals:         1       0       0       0       0       0       0       0       0       0       0       0       0       0       0       0       0
      Temps:          0       0       0       0       0       0       0       0       0       0       0       0       0       0       0       0       0
      Totals:         1       0       0       0       0       0       0       0       0       0       0       0       0       0       0       0       0
Total ram usage:        1 bytes
 Hardware stack levels used:    1
 Hardware stack levels required when called:    1
 This function calls:
		_spiTransfer
 This function is called by:
		_SD_Command
		_initSD
		_SD_SendDummyBytes
		_SD_SingleBlockWrite
		_SD_MBW_Send
		_SD_MBW_Stop
		_SD_SingleBlockRead
		_SD_MBR_Receive
 This function uses a non-reentrant model


 *************** function _spiReceive *****************
 Defined at:
		line 44 in file "SPI_PIC.c"
 Parameters:    Size  Location     Type
		None
 Auto vars:     Size  Location     Type
		None
 Return value:  Size  Location     Type
                  1    wreg      unsigned char 
 Registers used:
		wreg, status,2, cstack
 Tracked objects:
		On entry : 
		On exit  : 
		Unchanged: 
 Data sizes:     COMRAM   BANK0   BANK1   BANK2   BANK3   BANK4   BANK5   BANK6   BANK7   BANK8   BANK9  BANK10  BANK11  BANK12  BANK13  BANK14  BANK15
      Params:         0       0       0       0       0       0       0       0       0       0       0       0       0       0       0       0       0
      Locals:         0       0       0       0       0       0       0       0       0       0       0       0       0       0       0       0       0
      Temps:          0       0       0       0       0       0       0       0       0       0       0       0       0       0       0       0       0
      Totals:         0       0       0       0       0       0       0       0       0       0       0       0       0       0       0       0       0
Total ram usage:        0 bytes
 Hardware stack levels used:    1
 Hardware stack levels required when called:    1
 This function calls:
		_spiTransfer
 This function is called by:
		_SD_Command
		_initSD
		_SD_SingleBlockWrite
		_SD_MBW_Send
		_SD_MBW_Stop
		_SD_SingleBlockRead
		_SD_MBR_Receive
 This function uses a non-reentrant model


 *************** function _spiTransfer *****************
 Defined at:
		line 12 in file "SPI_PIC.c"
 Parameters:    Size  Location     Type
  byteToTransf    1    wreg     unsigned char 
 Auto vars:     Size  Location     Type
  byteToTransf    1    1[COMRAM] unsigned char 
 Return value:  Size  Location     Type
                  1    wreg      unsigned char 
 Registers used:
		wreg, status,2
 Tracked objects:
		On entry : 
		On exit  : 
		Unchanged: 
 Data sizes:     COMRAM   BANK0   BANK1   BANK2   BANK3   BANK4   BANK5   BANK6   BANK7   BANK8   BANK9  BANK10  BANK11  BANK12  BANK13  BANK14  BANK15
      Params:         0       0       0       0       0       0       0       0       0       0       0       0       0       0       0       0       0
      Locals:         1       0       0       0       0       0       0       0       0       0       0       0       0       0       0       0       0
      Temps:          1       0       0       0       0       0       0       0       0       0       0       0       0       0       0       0       0
      Totals:         2       0       0       0       0       0       0       0       0       0       0       0       0       0       0       0       0
Total ram usage:        2 bytes
 Hardware stack levels used:    1
 This function calls:
		Nothing
 This function is called by:
		_spiSend
		_spiReceive
		_SD_SingleBlockWrite
		_SD_MBW_Send
 This function uses a non-reentrant model


 *************** function _initLCD *****************
 Defined at:
		line 60 in file "lcd.c"
 Parameters:    Size  Location     Type
		None
 Auto vars:     Size  Location     Type
		None
 Return value:  Size  Location     Type
                  1    wreg      void 
 Registers used:
		wreg, status,2, status,0, cstack
 Tracked objects:
		On entry : 
		On exit  : 
		Unchanged: 
 Data sizes:     COMRAM   BANK0   BANK1   BANK2   BANK3   BANK4   BANK5   BANK6   BANK7   BANK8   BANK9  BANK10  BANK11  BANK12  BANK13  BANK14  BANK15
      Params:         0       0       0       0       0       0       0       0       0       0       0       0       0       0       0       0       0
      Locals:         0       0       0       0       0       0       0       0       0       0       0       0       0       0       0       0       0
      Temps:          1       0       0       0       0       0       0       0       0       0       0       0       0       0       0       0       0
      Totals:         1       0       0       0       0       0       0       0       0       0       0       0       0       0       0       0       0
Total ram usage:        1 bytes
 Hardware stack levels used:    1
 Hardware stack levels required when called:    2
 This function calls:
		_lcdInst
 This function is called by:
		_main
 This function uses a non-reentrant model


 *************** function _lcdInst *****************
 Defined at:
		line 11 in file "lcd.c"
 Parameters:    Size  Location     Type
  data            1    wreg     unsigned char 
 Auto vars:     Size  Location     Type
  data            1    2[COMRAM] unsigned char 
 Return value:  Size  Location     Type
                  1    wreg      void 
 Registers used:
		wreg, status,2, status,0, cstack
 Tracked objects:
		On entry : 
		On exit  : 
		Unchanged: 
 Data sizes:     COMRAM   BANK0   BANK1   BANK2   BANK3   BANK4   BANK5   BANK6   BANK7   BANK8   BANK9  BANK10  BANK11  BANK12  BANK13  BANK14  BANK15
      Params:         0       0       0       0       0       0       0       0       0       0       0       0       0       0       0       0       0
      Locals:         1       0       0       0       0       0       0       0       0       0       0       0       0       0       0       0       0
      Temps:          0       0       0       0       0       0       0       0       0       0       0       0       0       0       0       0       0
      Totals:         1       0       0       0       0       0       0       0       0       0       0       0       0       0       0       0       0
Total ram usage:        1 bytes
 Hardware stack levels used:    1
 Hardware stack levels required when called:    1
 This function calls:
		_lcdNibble
 This function is called by:
		_main
		_initLCD
		_lcd_set_cursor
		_lcd_shift_cursor
		_lcd_shift_display
 This function uses a non-reentrant model


 *************** function _lcdNibble *****************
 Defined at:
		line 37 in file "lcd.c"
 Parameters:    Size  Location     Type
  data            1    wreg     unsigned char 
 Auto vars:     Size  Location     Type
  data            1    1[COMRAM] unsigned char 
  temp            1    0[COMRAM] unsigned char 
 Return value:  Size  Location     Type
                  1    wreg      void 
 Registers used:
		wreg, status,2, status,0
 Tracked objects:
		On entry : 
		On exit  : 
		Unchanged: 
 Data sizes:     COMRAM   BANK0   BANK1   BANK2   BANK3   BANK4   BANK5   BANK6   BANK7   BANK8   BANK9  BANK10  BANK11  BANK12  BANK13  BANK14  BANK15
      Params:         0       0       0       0       0       0       0       0       0       0       0       0       0       0       0       0       0
      Locals:         2       0       0       0       0       0       0       0       0       0       0       0       0       0       0       0       0
      Temps:          0       0       0       0       0       0       0       0       0       0       0       0       0       0       0       0       0
      Totals:         2       0       0       0       0       0       0       0       0       0       0       0       0       0       0       0       0
Total ram usage:        2 bytes
 Hardware stack levels used:    1
 This function calls:
		Nothing
 This function is called by:
		_lcdInst
		_putch
 This function uses a non-reentrant model



MODULE INFORMATION

Module		Function		Class		Link	Load	Size
SD_PIC.c
		_initSD        		CODE           	ECBE	0000	2065
		_SD_Command    		CODE           	D98E	0000	145
		_SD_ACMD       		CODE           	D612	0000	59

SD_PIC.c estimated size: 2269

D:\Program Files (x86)\Microchip\xc8\v1.42\sources\common\ftneg.c
		___ftneg       		CODE           	D590	0000	37

D:\Program Files (x86)\Microchip\xc8\v1.42\sources\common\ftneg.c estimated size: 37

D:\Program Files (x86)\Microchip\xc8\v1.42\sources\common\ftsub.c
		___ftsub       		CODE           	D64C	0000	65

D:\Program Files (x86)\Microchip\xc8\v1.42\sources\common\ftsub.c estimated size: 65

D:\Program Files (x86)\Microchip\xc8\v1.42\sources\common\float.c
		___ftpack      		CODE           	DAAE	0000	175

D:\Program Files (x86)\Microchip\xc8\v1.42\sources\common\float.c estimated size: 175

D:\Program Files (x86)\Microchip\xc8\v1.42\sources\common\lwtoft.c
		___lwtoft      		CODE           	D56C	0000	37

D:\Program Files (x86)\Microchip\xc8\v1.42\sources\common\lwtoft.c estimated size: 37

D:\Program Files (x86)\Microchip\xc8\v1.42\sources\common\awmod.c
		___awmod       		CODE           	D79A	0000	113

D:\Program Files (x86)\Microchip\xc8\v1.42\sources\common\awmod.c estimated size: 113

D:\Program Files (x86)\Microchip\xc8\v1.42\sources\common\llmod.c
		___llmod       		CODE           	D734	0000	103

D:\Program Files (x86)\Microchip\xc8\v1.42\sources\common\llmod.c estimated size: 103

D:\Program Files (x86)\Microchip\xc8\v1.42\sources\common\doprnt.c
		_scale         		CODE           	E476	0000	1009
		_printf        		CODE           	F4CE	0000	2437
		_fround        		CODE           	E230	0000	583

D:\Program Files (x86)\Microchip\xc8\v1.42\sources\common\doprnt.c estimated size: 4029

D:\Program Files (x86)\Microchip\xc8\v1.42\sources\common\lltoft.c
		___lltoft      		CODE           	D6D8	0000	93

D:\Program Files (x86)\Microchip\xc8\v1.42\sources\common\lltoft.c estimated size: 93

SPI_PIC.c
		_spiTransfer   		CODE           	D548	0000	37
		_spiReceive    		CODE           	D4D6	0000	9
		_spiInit       		CODE           	D5DA	0000	57
		_spiSend       		CODE           	D4DE	0000	11

SPI_PIC.c estimated size: 114

D:\Program Files (x86)\Microchip\xc8\v1.42\sources\common\ftmul.c
		___ftmul       		CODE           	DC42	0000	245

D:\Program Files (x86)\Microchip\xc8\v1.42\sources\common\ftmul.c estimated size: 245

D:\Program Files (x86)\Microchip\xc8\v1.42\sources\common\Umul16.c
		___wmul        		CODE           	D5B4	0000	39

D:\Program Files (x86)\Microchip\xc8\v1.42\sources\common\Umul16.c estimated size: 39

D:\Program Files (x86)\Microchip\xc8\v1.42\sources\common\ftdiv.c
		___ftdiv       		CODE           	DB5C	0000	231

D:\Program Files (x86)\Microchip\xc8\v1.42\sources\common\ftdiv.c estimated size: 231

shared
		_CMD8CRC       		MEDIUMCONST    	FF00	0000	2
		_CMD17         		MEDIUMCONST    	FEFA	0000	2
		_CMD55         		MEDIUMCONST    	FEF3	0000	2
		_R1_ILLEGAL_COMMAND		MEDIUMCONST    	FEEC	0000	2
		_ACMD22        		MEDIUMCONST    	FEF1	0000	2
		_ACMD41        		MEDIUMCONST    	FEEF	0000	2
		_START_BLOCK   		MEDIUMCONST    	FEEB	0000	2
		_CMD12         		MEDIUMCONST    	FEFD	0000	2
		_CMD8          		MEDIUMCONST    	FF01	0000	2
		__powers_      		MEDIUMCONST    	FE7B	0000	40
		_CMD18         		MEDIUMCONST    	FEF9	0000	2
		_dpowers       		MEDIUMCONST    	FE53	0000	41
		_CMD9          		MEDIUMCONST    	FEFF	0000	2
		_CMD0CRC       		MEDIUMCONST    	FF03	0000	2
		_R1_READY_STATE		MEDIUMCONST    	FEEE	0000	2
		_CMD13         		MEDIUMCONST    	FEFC	0000	2
		_CMD32         		MEDIUMCONST    	FEF6	0000	2
		_CMD38         		MEDIUMCONST    	FEF4	0000	2
		_LCD_LEFT      		MEDIUMCONST    	FF05	0000	2
		__npowers_     		MEDIUMCONST    	FEA2	0000	40
		_LCD_RIGHT     		MEDIUMCONST    	FF06	0000	2
		_CMD0          		MEDIUMCONST    	FF04	0000	2
		__initialization		CODE           	D510	0000	17
		_ACMD23        		MEDIUMCONST    	FEF0	0000	2
		_CMD33         		MEDIUMCONST    	FEF5	0000	2
		_CMD58         		MEDIUMCONST    	FEF2	0000	2
		_LCD_VERT_LIMIT		MEDIUMCONST    	FF09	0000	2
		_CMD1          		MEDIUMCONST    	FF02	0000	2
		_LCD_HORZ_LIMIT		MEDIUMCONST    	FF0A	0000	2
		_CMD24         		MEDIUMCONST    	FEF8	0000	2
		_hexpowers     		MEDIUMCONST    	FEC9	0000	33
		_STOP_TRAN     		MEDIUMCONST    	FEE9	0000	2
		_R1_IDLE_STATE 		MEDIUMCONST    	FEED	0000	2
		_START_BLOCK_TOKEN		MEDIUMCONST    	FEEA	0000	2
		_CMD25         		MEDIUMCONST    	FEF7	0000	2
		_LCD_SIZE_VERT 		MEDIUMCONST    	FF07	0000	2
		_CMD10         		MEDIUMCONST    	FEFE	0000	2
		_LCD_SIZE_HORZ 		MEDIUMCONST    	FF08	0000	2
		_CMD16         		MEDIUMCONST    	FEFB	0000	2

shared estimated size: 239

D:\Program Files (x86)\Microchip\xc8\v1.42\sources\common\awdiv.c
		___awdiv       		CODE           	D90A	0000	133

D:\Program Files (x86)\Microchip\xc8\v1.42\sources\common\awdiv.c estimated size: 133

D:\Program Files (x86)\Microchip\xc8\v1.42\sources\common\lldiv.c
		___lldiv       		CODE           	D888	0000	131

D:\Program Files (x86)\Microchip\xc8\v1.42\sources\common\lldiv.c estimated size: 131

D:\Program Files (x86)\Microchip\xc8\v1.42\sources\common\ftdivl.c
		__tdiv_to_l_   		CODE           	DF52	0000	307

D:\Program Files (x86)\Microchip\xc8\v1.42\sources\common\ftdivl.c estimated size: 307

lcd.c
		_putch         		CODE           	D4FC	0000	21
		_lcdInst       		CODE           	D4E8	0000	21
		_lcdNibble     		CODE           	D80A	0000	127
		_initLCD       		CODE           	D68C	0000	77

lcd.c estimated size: 246

D:\Program Files (x86)\Microchip\xc8\v1.42\sources\common\isdigit.c
		_isdigit       		CODE           	D52A	0000	31

D:\Program Files (x86)\Microchip\xc8\v1.42\sources\common\isdigit.c estimated size: 31

D:\Program Files (x86)\Microchip\xc8\v1.42\sources\common\fttol.c
		___fttol       		CODE           	DD36	0000	245

D:\Program Files (x86)\Microchip\xc8\v1.42\sources\common\fttol.c estimated size: 245

main.c
		_main          		CODE           	E866	0000	1113

main.c estimated size: 1113

D:\Program Files (x86)\Microchip\xc8\v1.42\sources\common\fldivl.c
		__div_to_l_    		CODE           	DE2A	0000	297

D:\Program Files (x86)\Microchip\xc8\v1.42\sources\common\fldivl.c estimated size: 297

D:\Program Files (x86)\Microchip\xc8\v1.42\sources\common\ftge.c
		___ftge        		CODE           	DA1E	0000	145

D:\Program Files (x86)\Microchip\xc8\v1.42\sources\common\ftge.c estimated size: 145

D:\Program Files (x86)\Microchip\xc8\v1.42\sources\common\ftadd.c
		___ftadd       		CODE           	E084	0000	429

D:\Program Files (x86)\Microchip\xc8\v1.42\sources\common\ftadd.c estimated size: 429

