Microchip MPLAB XC8 Compiler V1.45 ()

Linker command line:

-W-3 --edf=/Applications/microchip/xc8/v1.45/dat/en_msgs.txt -cs \
  -h+dist/default/production/ProjectApricot.X.production.sym \
  --cmf=dist/default/production/ProjectApricot.X.production.cmf -z \
  -Q18F4620 -o/tmp/xcF56A8lC \
  -Mdist/default/production/ProjectApricot.X.production.map -E1 -ver=XC8 \
  -ASTACK=080h-0f7fh -pstack=STACK -ACODE=00h-0FFFFh -ACONST=00h-0FFFFh \
  -ASMALLCONST=01000h-010FFhx240 -AMEDIUMCONST=01000h-0FFFFh \
  -ACOMRAM=01h-07Fh -AABS1=00h-0F7Fh -ABIGRAM=01h-0F7Fh \
  -ARAM=080h-0FFh,0100h-01FFhx14,0F00h-0F7Fh -ABANK0=080h-0FFh \
  -ABANK1=0100h-01FFh -ABANK2=0200h-02FFh -ABANK3=0300h-03FFh \
  -ABANK4=0400h-04FFh -ABANK5=0500h-05FFh -ABANK6=0600h-06FFh \
  -ABANK7=0700h-07FFh -ABANK8=0800h-08FFh -ABANK9=0900h-09FFh \
  -ABANK10=0A00h-0AFFh -ABANK11=0B00h-0BFFh -ABANK12=0C00h-0CFFh \
  -ABANK13=0D00h-0DFFh -ABANK14=0E00h-0EFFh -ABANK15=0F00h-0F7Fh \
  -ASFR=0F80h-0FFFh -preset_vec=00h,intcode,intcodelo,powerup,init \
  -pramtop=01000h -psmallconst=SMALLCONST -pmediumconst=MEDIUMCONST \
  -pconst=CONST -AFARRAM=00h-00h -ACONFIG=0300000h-030000Dh -pconfig=CONFIG \
  -AIDLOC=0200000h-0200007h -pidloc=IDLOC -AEEDATA=0F00000h-0F003FFh \
  -peeprom_data=EEDATA \
  -prdata=COMRAM,nvrram=COMRAM,nvbit=COMRAM,rbss=COMRAM,rbit=COMRAM \
  -pfarbss=FARRAM,fardata=FARRAM,nvFARRAM=FARRAM \
  -pintsave_regs=BIGRAM,bigbss=BIGRAM,bigdata=BIGRAM -pbss=RAM \
  -pidata=CODE,irdata=CODE,ibigdata=CODE,ifardata=CODE -prparam=COMRAM \
  /tmp/xco2a2VMu.obj \
  dist/default/production/ProjectApricot.X.production.obj 

Object code version is 3.11

Machine type is 18F4620

Call graph: (short form)




                Name                               Link     Load   Length Selector   Space Scale
/tmp/xco2a2VMu.obj
                init                                  0        0        4        0       0
                idloc                            200000   200000        8   200000       0
                config                           300000   300000        E   300000       0
dist/default/production/ProjectApricot.X.production.obj
                smallconst                         1000     1000       86      800       0
                text17                             3526     3526       26      843       0
                text16                             354C     354C       24      843       0
                text15                             3588     3588        A     1AC4       0
                text14                             34FE     34FE       28      843       0
                text13                             2EE6     2EE6      180      843       0
                text12                             33B2     33B2       50      843       0
                text11                             3402     3402       38      843       0
                text10                             29DA     29DA      30C      843       0
                text9                              34A0     34A0       32      843       0
                text8                              3250     3250       84      843       0
                text7                              32D4     32D4       70      843       0
                text6                              3344     3344       6E      843       0
                text5                              3066     3066      142      843       0
                text4                              343A     343A       34      843       0
                text3                              1086     1086     1954      843       0
                text2                              346E     346E       32      843       0
                text1                              31A8     31A8       A8      843       0
                text0                              2CE6     2CE6      200      843       0
                cstackCOMRAM                          1        1       64        1       1
                dataCOMRAM                           65       65       17        1       1
                bssCOMRAM                            7C       7C        1        1       1
                cinit                              34D2     34D2       2C      843       0
                idataCOMRAM                        3570     3570       17      843       0

TOTAL           Name                               Link     Load   Length     Space
        CLASS   STACK          

        CLASS   CODE           
                init                                  0        0        4         0
                text17                             3526     3526       26         0
                text16                             354C     354C       24         0
                text15                             3588     3588        A         0
                text14                             34FE     34FE       28         0
                text13                             2EE6     2EE6      180         0
                text12                             33B2     33B2       50         0
                text11                             3402     3402       38         0
                text10                             29DA     29DA      30C         0
                text9                              34A0     34A0       32         0
                text8                              3250     3250       84         0
                text7                              32D4     32D4       70         0
                text6                              3344     3344       6E         0
                text5                              3066     3066      142         0
                text4                              343A     343A       34         0
                text3                              1086     1086     1954         0
                text2                              346E     346E       32         0
                text1                              31A8     31A8       A8         0
                text0                              2CE6     2CE6      200         0
                cinit                              34D2     34D2       2C         0
                idataCOMRAM                        3570     3570       17         0

        CLASS   CONST          

        CLASS   SMALLCONST     
                smallconst                         1000     1000       86         0

        CLASS   MEDIUMCONST    

        CLASS   COMRAM         
                cstackCOMRAM                          1        1       64         1
                dataCOMRAM                           65       65       17         1
                bssCOMRAM                            7C       7C        1         1

        CLASS   ABS1           

        CLASS   BIGRAM         

        CLASS   RAM            

        CLASS   BANK0          

        CLASS   BANK1          

        CLASS   BANK2          

        CLASS   BANK3          

        CLASS   BANK4          

        CLASS   BANK5          

        CLASS   BANK6          

        CLASS   BANK7          

        CLASS   BANK8          

        CLASS   BANK9          

        CLASS   BANK10         

        CLASS   BANK11         

        CLASS   BANK12         

        CLASS   BANK13         

        CLASS   BANK14         

        CLASS   BANK15         

        CLASS   SFR            

        CLASS   FARRAM         

        CLASS   CONFIG         
                config                           300000   300000        E         0

        CLASS   IDLOC          
                idloc                            200000   200000        8         0

        CLASS   EEDATA         



SEGMENTS        Name                           Load    Length   Top    Selector   Space  Class

                reset_vec                      000000  000004  000004         0       0  CODE    
                cstackCOMRAM                   000001  00007C  00007D         1       1  COMRAM  
                smallconst                     001000  000086  001086       800       0  SMALLCON
                text3                          001086  002501  003587       843       0  CODE    
                text15                         003588  00000A  003592      1AC4       0  CODE    
                idloc                          200000  000008  200008    200000       0  IDLOC   
                config                         300000  00000E  30000E    300000       0  CONFIG  


UNUSED ADDRESS RANGES

        Name                Unused          Largest block    Delta
        BANK0            000080-0000FF               80
        BANK1            000100-0001FF              100
        BANK10           000A00-000AFF              100
        BANK11           000B00-000BFF              100
        BANK12           000C00-000CFF              100
        BANK13           000D00-000DFF              100
        BANK14           000E00-000EFF              100
        BANK15           000F00-000F7F               80
        BANK2            000200-0002FF              100
        BANK3            000300-0003FF              100
        BANK4            000400-0004FF              100
        BANK5            000500-0005FF              100
        BANK6            000600-0006FF              100
        BANK7            000700-0007FF              100
        BANK8            000800-0008FF              100
        BANK9            000900-0009FF              100
        BIGRAM           00007D-000F7F              F03
        CODE             000004-000FFF              FFC
                         003587-003587                1
                         003592-00FFFF             CA6E
        COMRAM           00007D-00007F                3
        CONST            000004-000FFF              FFC
                         003587-003587                1
                         003592-00FFFF             CA6E
        EEDATA           F00000-F003FF              400
        MEDIUMCONST      003587-003587                1
                         003592-00FFFF             CA6E
        RAM              000080-000F7F              100
        SFR              000F80-000FFF               80
        SMALLCONST       003587-003587                1
                         003592-00FFFF              100
        STACK            000080-000F7F              F00

                                  Symbol Table

?___awdiv                           cstackCOMRAM 000007
?___awmod                           cstackCOMRAM 000001
?___wmul                            cstackCOMRAM 000001
?_new_px_char                       cstackCOMRAM 000001
?_px_map                            cstackCOMRAM 000011
GLCD_PIC@INST_CASET                 smallconst   00103D
GLCD_PIC@INST_COLMOD                smallconst   001034
GLCD_PIC@INST_DISPON                smallconst   00103E
GLCD_PIC@INST_FRMCTR1               smallconst   001033
GLCD_PIC@INST_FRMCTR2               smallconst   001032
GLCD_PIC@INST_FRMCTR3               smallconst   001031
GLCD_PIC@INST_GAMSET                smallconst   001040
GLCD_PIC@INST_IDMOFF                smallconst   001036
GLCD_PIC@INST_INVCTR                smallconst   001030
GLCD_PIC@INST_INVOFF                smallconst   001042
GLCD_PIC@INST_MADCTL                smallconst   001037
GLCD_PIC@INST_NORON                 smallconst   001043
GLCD_PIC@INST_PWCTR1                smallconst   00102F
GLCD_PIC@INST_PWCTR2                smallconst   00102E
GLCD_PIC@INST_PWCTR3                smallconst   00102D
GLCD_PIC@INST_PWCTR4                smallconst   00102C
GLCD_PIC@INST_PWCTR5                smallconst   00102B
GLCD_PIC@INST_RAMWR                 smallconst   00103B
GLCD_PIC@INST_RASET                 smallconst   00103C
GLCD_PIC@INST_SLPOUT                smallconst   001045
GLCD_PIC@INST_SWRESET               smallconst   001047
GLCD_PIC@INST_VMCTR1                smallconst   00102A
_ADCON0                             (abs)        000FC2
_ADCON1                             (abs)        000FC1
_BLACK                              smallconst   001025
_BLUE                               smallconst   001009
_GLCD_ADDRESSABLE_SIZE_HORZ         smallconst   00106C
_GLCD_ADDRESSABLE_SIZE_VERT         smallconst   00106B
_GLCD_SIZE_HORZ                     smallconst   00106A
_GLCD_SIZE_VERT                     smallconst   001069
_GREEN                              smallconst   00100D
_GREY                               smallconst   001021
_INDIGO                             smallconst   001005
_LATA                               (abs)        000F89
_LATB                               (abs)        000F8A
_LATC                               (abs)        000F8B
_LATD                               (abs)        000F8C
_LATDbits                           (abs)        000F8C
_LATE                               (abs)        000F8D
_MADCTLbits                         bssCOMRAM    00007C
_ORANGE                             smallconst   001015
_RED                                smallconst   001019
_SSPBUF                             (abs)        000FC9
_SSPCON1                            (abs)        000FC6
_SSPCON1bits                        (abs)        000FC6
_SSPIF                              (abs)        007CF3
_SSPSTAT                            (abs)        000FC7
_SSPSTATbits                        (abs)        000FC7
_TRISA                              (abs)        000F92
_TRISB                              (abs)        000F93
_TRISC                              (abs)        000F94
_TRISCbits                          (abs)        000F94
_TRISD                              (abs)        000F95
_TRISDbits                          (abs)        000F95
_TRISE                              (abs)        000F96
_VIOLET                             smallconst   001001
_WHITE                              smallconst   00101D
_YELLOW                             smallconst   001011
__CFG_BOREN$SBORDIS                 (abs)        000000
__CFG_BORV$3                        (abs)        000000
__CFG_CCP2MX$PORTC                  (abs)        000000
__CFG_CP0$OFF                       (abs)        000000
__CFG_CP1$OFF                       (abs)        000000
__CFG_CP2$OFF                       (abs)        000000
__CFG_CP3$OFF                       (abs)        000000
__CFG_CPB$OFF                       (abs)        000000
__CFG_CPD$ON                        (abs)        000000
__CFG_EBTR0$OFF                     (abs)        000000
__CFG_EBTR1$OFF                     (abs)        000000
__CFG_EBTR2$OFF                     (abs)        000000
__CFG_EBTR3$OFF                     (abs)        000000
__CFG_EBTRB$OFF                     (abs)        000000
__CFG_FCMEN$OFF                     (abs)        000000
__CFG_IESO$OFF                      (abs)        000000
__CFG_LPT1OSC$OFF                   (abs)        000000
__CFG_LVP$OFF                       (abs)        000000
__CFG_MCLRE$ON                      (abs)        000000
__CFG_OSC$HSPLL                     (abs)        000000
__CFG_PBADEN$ON                     (abs)        000000
__CFG_PWRT$OFF                      (abs)        000000
__CFG_STVREN$ON                     (abs)        000000
__CFG_WDT$OFF                       (abs)        000000
__CFG_WDTPS$32768                   (abs)        000000
__CFG_WRT0$OFF                      (abs)        000000
__CFG_WRT1$OFF                      (abs)        000000
__CFG_WRT2$OFF                      (abs)        000000
__CFG_WRT3$OFF                      (abs)        000000
__CFG_WRTB$OFF                      (abs)        000000
__CFG_WRTC$OFF                      (abs)        000000
__CFG_WRTD$OFF                      (abs)        000000
__CFG_XINST$OFF                     (abs)        000000
__HRAM                              (abs)        000000
__Habs1                             abs1         000000
__Hbank0                            bank0        000000
__Hbank1                            bank1        000000
__Hbank10                           bank10       000000
__Hbank11                           bank11       000000
__Hbank12                           bank12       000000
__Hbank13                           bank13       000000
__Hbank14                           bank14       000000
__Hbank15                           bank15       000000
__Hbank2                            bank2        000000
__Hbank3                            bank3        000000
__Hbank4                            bank4        000000
__Hbank5                            bank5        000000
__Hbank6                            bank6        000000
__Hbank7                            bank7        000000
__Hbank8                            bank8        000000
__Hbank9                            bank9        000000
__Hbigbss                           bigbss       000000
__Hbigdata                          bigdata      000000
__Hbigram                           bigram       000000
__Hbss                              bss          000000
__HbssCOMRAM                        bssCOMRAM    000000
__Hcinit                            cinit        000000
__Hclrtext                          clrtext      000000
__Hcomram                           comram       000000
__Hconfig                           config       30000E
__Hconst                            const        000000
__HcstackCOMRAM                     cstackCOMRAM 000000
__Hdata                             data         000000
__HdataCOMRAM                       dataCOMRAM   000000
__Heeprom_data                      eeprom_data  000000
__Hfarbss                           farbss       000000
__Hfardata                          fardata      000000
__Hibigdata                         ibigdata     000000
__Hidata                            idata        000000
__HidataCOMRAM                      idataCOMRAM  000000
__Hidloc                            idloc        200008
__Hifardata                         ifardata     000000
__Hinit                             init         000004
__Hintcode                          intcode      000000
__Hintcode_body                     intcode_body 000000
__Hintcodelo                        intcodelo    000000
__Hintentry                         intentry     000000
__Hintret                           intret       000000
__Hintsave_regs                     intsave_regs 000000
__Hirdata                           irdata       000000
__Hmediumconst                      mediumconst  000000
__HnvFARRAM                         nvFARRAM     000000
__Hnvbit                            nvbit        000000
__Hnvrram                           nvrram       000000
__Hparam                            rparam       000000
__Hpowerup                          powerup      000000
__Hram                              ram          000000
__Hramtop                           ramtop       001000
__Hrbit                             rbit         000000
__Hrbss                             rbss         000000
__Hrdata                            rdata        000000
__Hreset_vec                        reset_vec    000000
__Hrparam                           rparam       000000
__Hsfr                              sfr          000000
__Hsmallconst                       smallconst   001086
__Hspace_0                          (abs)        30000E
__Hspace_1                          (abs)        00007D
__Hspace_2                          (abs)        000000
__Hstack                            stack        000000
__Hstruct                           struct       000000
__Htemp                             temp         000000
__Htext                             text         000000
__Htext0                            text0        000000
__Htext1                            text1        000000
__Htext10                           text10       000000
__Htext11                           text11       000000
__Htext12                           text12       000000
__Htext13                           text13       000000
__Htext14                           text14       000000
__Htext15                           text15       000000
__Htext16                           text16       000000
__Htext17                           text17       000000
__Htext2                            text2        000000
__Htext3                            text3        000000
__Htext4                            text4        000000
__Htext5                            text5        000000
__Htext6                            text6        000000
__Htext7                            text7        000000
__Htext8                            text8        000000
__Htext9                            text9        000000
__LRAM                              (abs)        000001
__Labs1                             abs1         000000
__Lbank0                            bank0        000000
__Lbank1                            bank1        000000
__Lbank10                           bank10       000000
__Lbank11                           bank11       000000
__Lbank12                           bank12       000000
__Lbank13                           bank13       000000
__Lbank14                           bank14       000000
__Lbank15                           bank15       000000
__Lbank2                            bank2        000000
__Lbank3                            bank3        000000
__Lbank4                            bank4        000000
__Lbank5                            bank5        000000
__Lbank6                            bank6        000000
__Lbank7                            bank7        000000
__Lbank8                            bank8        000000
__Lbank9                            bank9        000000
__Lbigbss                           bigbss       000000
__Lbigdata                          bigdata      000000
__Lbigram                           bigram       000000
__Lbss                              bss          000000
__LbssCOMRAM                        bssCOMRAM    000000
__Lcinit                            cinit        000000
__Lclrtext                          clrtext      000000
__Lcomram                           comram       000000
__Lconfig                           config       300000
__Lconst                            const        000000
__LcstackCOMRAM                     cstackCOMRAM 000000
__Ldata                             data         000000
__LdataCOMRAM                       dataCOMRAM   000000
__Leeprom_data                      eeprom_data  000000
__Lfarbss                           farbss       000000
__Lfardata                          fardata      000000
__Libigdata                         ibigdata     000000
__Lidata                            idata        000000
__LidataCOMRAM                      idataCOMRAM  000000
__Lidloc                            idloc        200000
__Lifardata                         ifardata     000000
__Linit                             init         000000
__Lintcode                          intcode      000000
__Lintcode_body                     intcode_body 000000
__Lintcodelo                        intcodelo    000000
__Lintentry                         intentry     000000
__Lintret                           intret       000000
__Lintsave_regs                     intsave_regs 000000
__Lirdata                           irdata       000000
__Lmediumconst                      mediumconst  000000
__LnvFARRAM                         nvFARRAM     000000
__Lnvbit                            nvbit        000000
__Lnvrram                           nvrram       000000
__Lparam                            rparam       000000
__Lpowerup                          powerup      000000
__Lram                              ram          000000
__Lramtop                           ramtop       001000
__Lrbit                             rbit         000000
__Lrbss                             rbss         000000
__Lrdata                            rdata        000000
__Lreset_vec                        reset_vec    000000
__Lrparam                           rparam       000000
__Lsfr                              sfr          000000
__Lsmallconst                       smallconst   001000
__Lspace_0                          (abs)        000000
__Lspace_1                          (abs)        000000
__Lspace_2                          (abs)        000000
__Lstack                            stack        000000
__Lstruct                           struct       000000
__Ltemp                             temp         000000
__Ltext                             text         000000
__Ltext0                            text0        000000
__Ltext1                            text1        000000
__Ltext10                           text10       000000
__Ltext11                           text11       000000
__Ltext12                           text12       000000
__Ltext13                           text13       000000
__Ltext14                           text14       000000
__Ltext15                           text15       000000
__Ltext16                           text16       000000
__Ltext17                           text17       000000
__Ltext2                            text2        000000
__Ltext3                            text3        000000
__Ltext4                            text4        000000
__Ltext5                            text5        000000
__Ltext6                            text6        000000
__Ltext7                            text7        000000
__Ltext8                            text8        000000
__Ltext9                            text9        000000
__S0                                (abs)        30000E
__S1                                (abs)        00007D
__S2                                (abs)        000000
___awdiv                            text8        003250
___awdiv@counter                    cstackCOMRAM 00000B
___awdiv@dividend                   cstackCOMRAM 000007
___awdiv@divisor                    cstackCOMRAM 000009
___awdiv@quotient                   cstackCOMRAM 00000D
___awdiv@sign                       cstackCOMRAM 00000C
___awmod                            text7        0032D4
___awmod@counter                    cstackCOMRAM 000005
___awmod@dividend                   cstackCOMRAM 000001
___awmod@divisor                    cstackCOMRAM 000003
___awmod@sign                       cstackCOMRAM 000006
___inthi_sp                         stack        000000
___intlo_sp                         stack        000000
___param_bank                       (abs)        000000
___rparam_used                      (abs)        000001
___sp                               stack        000000
___wmul                             text17       003526
___wmul@multiplicand                cstackCOMRAM 000003
___wmul@multiplier                  cstackCOMRAM 000001
___wmul@product                     cstackCOMRAM 000005
__accesstop                         (abs)        000080
__activetblptr                      (abs)        000002
__end_ofGLCD_PIC@INST_CASET         smallconst   00103E
__end_ofGLCD_PIC@INST_COLMOD        smallconst   001035
__end_ofGLCD_PIC@INST_DISPOFF       smallconst   001040
__end_ofGLCD_PIC@INST_DISPON        smallconst   00103F
__end_ofGLCD_PIC@INST_FRMCTR1       smallconst   001034
__end_ofGLCD_PIC@INST_FRMCTR2       smallconst   001033
__end_ofGLCD_PIC@INST_FRMCTR3       smallconst   001032
__end_ofGLCD_PIC@INST_GAMSET        smallconst   001041
__end_ofGLCD_PIC@INST_IDMOFF        smallconst   001037
__end_ofGLCD_PIC@INST_IDMON         smallconst   001036
__end_ofGLCD_PIC@INST_INVCTR        smallconst   001031
__end_ofGLCD_PIC@INST_INVOFF        smallconst   001043
__end_ofGLCD_PIC@INST_INVON         smallconst   001042
__end_ofGLCD_PIC@INST_MADCTL        smallconst   001038
__end_ofGLCD_PIC@INST_NOP           smallconst   001049
__end_ofGLCD_PIC@INST_NORON         smallconst   001044
__end_ofGLCD_PIC@INST_PTLAR         smallconst   00103B
__end_ofGLCD_PIC@INST_PTLON         smallconst   001045
__end_ofGLCD_PIC@INST_PWCTR1        smallconst   001030
__end_ofGLCD_PIC@INST_PWCTR2        smallconst   00102F
__end_ofGLCD_PIC@INST_PWCTR3        smallconst   00102E
__end_ofGLCD_PIC@INST_PWCTR4        smallconst   00102D
__end_ofGLCD_PIC@INST_PWCTR5        smallconst   00102C
__end_ofGLCD_PIC@INST_RAMWR         smallconst   00103C
__end_ofGLCD_PIC@INST_RASET         smallconst   00103D
__end_ofGLCD_PIC@INST_SLPIN         smallconst   001047
__end_ofGLCD_PIC@INST_SLPOUT        smallconst   001046
__end_ofGLCD_PIC@INST_SWRESET       smallconst   001048
__end_ofGLCD_PIC@INST_TEOFF         smallconst   00103A
__end_ofGLCD_PIC@INST_TEON          smallconst   001039
__end_ofGLCD_PIC@INST_VMCTR1        smallconst   00102B
__end_ofGLCD_PIC@INST_VMOFCTR2      smallconst   00102A
__end_of_BLACK                      smallconst   001029
__end_of_BLUE                       smallconst   00100D
__end_of_GLCD_ADDRESSABLE_SIZE_HORZ smallconst   00106D
__end_of_GLCD_ADDRESSABLE_SIZE_VERT smallconst   00106C
__end_of_GLCD_SIZE_HORZ             smallconst   00106B
__end_of_GLCD_SIZE_VERT             smallconst   00106A
__end_of_GREEN                      smallconst   001011
__end_of_GREY                       smallconst   001025
__end_of_INDIGO                     smallconst   001009
__end_of_INST_CASET                 smallconst   00105E
__end_of_INST_COLMOD                smallconst   001055
__end_of_INST_DISPOFF               smallconst   001060
__end_of_INST_DISPON                smallconst   00105F
__end_of_INST_FRMCTR1               smallconst   001054
__end_of_INST_FRMCTR2               smallconst   001053
__end_of_INST_FRMCTR3               smallconst   001052
__end_of_INST_GAMSET                smallconst   001061
__end_of_INST_IDMOFF                smallconst   001057
__end_of_INST_IDMON                 smallconst   001056
__end_of_INST_INVCTR                smallconst   001051
__end_of_INST_INVOFF                smallconst   001063
__end_of_INST_INVON                 smallconst   001062
__end_of_INST_MADCTL                smallconst   001058
__end_of_INST_NOP                   smallconst   001069
__end_of_INST_NORON                 smallconst   001064
__end_of_INST_PTLAR                 smallconst   00105B
__end_of_INST_PTLON                 smallconst   001065
__end_of_INST_PWCTR1                smallconst   001050
__end_of_INST_PWCTR2                smallconst   00104F
__end_of_INST_PWCTR3                smallconst   00104E
__end_of_INST_PWCTR4                smallconst   00104D
__end_of_INST_PWCTR5                smallconst   00104C
__end_of_INST_RAMWR                 smallconst   00105C
__end_of_INST_RASET                 smallconst   00105D
__end_of_INST_SLPIN                 smallconst   001067
__end_of_INST_SLPOUT                smallconst   001066
__end_of_INST_SWRESET               smallconst   001068
__end_of_INST_TEOFF                 smallconst   00105A
__end_of_INST_TEON                  smallconst   001059
__end_of_INST_VMCTR1                smallconst   00104B
__end_of_INST_VMOFCTR2              smallconst   00104A
__end_of_ORANGE                     smallconst   001019
__end_of_RED                        smallconst   00101D
__end_of_VIOLET                     smallconst   001005
__end_of_WHITE                      smallconst   001021
__end_of_YELLOW                     smallconst   001015
__end_of___awdiv                    text8        0032D4
__end_of___awmod                    text7        003344
__end_of___wmul                     text17       00354C
__end_of__initialization            cinit        0034F4
__end_of_draw_px_char               text5        0031A8
__end_of_glcdDrawPixel              text6        0033B2
__end_of_glcdDrawRectangle          text13       003066
__end_of_glcdSetCOLMOD              text12       003402
__end_of_glcdTransfer               text14       003526
__end_of_init                       text9        0034D2
__end_of_initGLCD                   text10       002CE6
__end_of_main                       text0        002EE6
__end_of_new_px_char                text4        00346E
__end_of_print_px_char              text2        0034A0
__end_of_print_px_string            text1        003250
__end_of_px_map                     text3        0029DA
__end_of_spiInit                    text11       00343A
__end_of_spiSend                    text15       003592
__end_of_spiTransfer                text16       003570
__initialization                    cinit        0034D2
__mediumconst                       mediumconst  000000
__pbssCOMRAM                        bssCOMRAM    00007C
__pcinit                            cinit        0034D2
__pcstackCOMRAM                     cstackCOMRAM 000001
__pdataCOMRAM                       dataCOMRAM   000065
__pidataCOMRAM                      idataCOMRAM  003570
__psmallconst                       smallconst   001000
__ptext0                            text0        002CE6
__ptext1                            text1        0031A8
__ptext10                           text10       0029DA
__ptext11                           text11       003402
__ptext12                           text12       0033B2
__ptext13                           text13       002EE6
__ptext14                           text14       0034FE
__ptext15                           text15       003588
__ptext16                           text16       00354C
__ptext17                           text17       003526
__ptext2                            text2        00346E
__ptext3                            text3        001086
__ptext4                            text4        00343A
__ptext5                            text5        003066
__ptext6                            text6        003344
__ptext7                            text7        0032D4
__ptext8                            text8        003250
__ptext9                            text9        0034A0
__ramtop                            ramtop       001000
__size_of___awdiv                   (abs)        000000
__size_of___awmod                   (abs)        000000
__size_of___wmul                    (abs)        000000
__size_of_draw_px_char              (abs)        000000
__size_of_glcdDrawPixel             (abs)        000000
__size_of_glcdDrawRectangle         (abs)        000000
__size_of_glcdSetCOLMOD             (abs)        000000
__size_of_glcdTransfer              (abs)        000000
__size_of_init                      (abs)        000000
__size_of_initGLCD                  (abs)        000000
__size_of_main                      (abs)        000000
__size_of_new_px_char               (abs)        000000
__size_of_print_px_char             (abs)        000000
__size_of_print_px_string           (abs)        000000
__size_of_px_map                    (abs)        000000
__size_of_spiInit                   (abs)        000000
__size_of_spiSend                   (abs)        000000
__size_of_spiTransfer               (abs)        000000
__smallconst                        smallconst   001000
_draw_px_char                       text5        003066
_glcdDrawPixel                      text6        003344
_glcdDrawRectangle                  text13       002EE6
_glcdSetCOLMOD                      text12       0033B2
_glcdTransfer                       text14       0034FE
_init                               text9        0034A0
_initGLCD                           text10       0029DA
_main                               text0        002CE6
_main$1145                          cstackCOMRAM 000061
_new_px_char                        text4        00343A
_print_px_char                      text2        00346E
_print_px_string                    text1        0031A8
_print_px_string$1146               cstackCOMRAM 000044
_px_map                             text3        001086
_spiInit                            text11       003402
_spiSend                            text15       003588
_spiTransfer                        text16       00354C
draw_px_char@i                      cstackCOMRAM 000035
draw_px_char@m                      cstackCOMRAM 000031
draw_px_char@p                      cstackCOMRAM 000025
draw_px_char@x                      cstackCOMRAM 000021
draw_px_char@y                      cstackCOMRAM 000023
end_of_initialization               cinit        0034F4
glcdDrawPixel@XS                    cstackCOMRAM 000020
glcdDrawPixel@YS                    cstackCOMRAM 00001A
glcdDrawPixel@color                 cstackCOMRAM 00001B
glcdDrawRectangle@XE                cstackCOMRAM 000007
glcdDrawRectangle@XS                cstackCOMRAM 000019
glcdDrawRectangle@YE                cstackCOMRAM 000009
glcdDrawRectangle@YS                cstackCOMRAM 000008
glcdDrawRectangle@color             cstackCOMRAM 00000A
glcdDrawRectangle@colorData         cstackCOMRAM 000016
glcdDrawRectangle@i                 cstackCOMRAM 000014
glcdDrawRectangle@numLoops          cstackCOMRAM 000012
glcdSetCOLMOD@numBitsPerPixel       cstackCOMRAM 000007
glcdSetCOLMOD@rawData               cstackCOMRAM 000008
glcdTransfer@byte                   cstackCOMRAM 000006
glcdTransfer@cmd                    cstackCOMRAM 000004
intlevel0                           text         000000
intlevel1                           text         000000
intlevel2                           text         000000
intlevel3                           text         000000
main@F3027                          dataCOMRAM   000065
main@eta                            cstackCOMRAM 00004A
main@sec                            cstackCOMRAM 000063
new_px_char@a                       cstackCOMRAM 000001
new_px_char@b                       cstackCOMRAM 000005
new_px_char@p                       cstackCOMRAM 000009
print_px_char@c                     cstackCOMRAM 00003B
print_px_char@x                     cstackCOMRAM 000037
print_px_char@y                     cstackCOMRAM 000039
print_px_string@idx                 cstackCOMRAM 000046
print_px_string@s                   cstackCOMRAM 000040
print_px_string@x                   cstackCOMRAM 00003C
print_px_string@y                   cstackCOMRAM 00003E
px_map@c                            cstackCOMRAM 00001A
spiInit@divider                     cstackCOMRAM 000001
spiSend@val                         cstackCOMRAM 000003
spiTransfer@byteToTransfer          cstackCOMRAM 000002
stackhi                             (abs)        000F7F
stacklo                             (abs)        000080
start                               init         000000
start_initialization                cinit        0034D2


FUNCTION INFORMATION:

 *************** function _main *****************
 Defined at:
		line 123 in file "main.c"
 Parameters:    Size  Location     Type
		None
 Auto vars:     Size  Location     Type
  eta            23   73[COMRAM] unsigned char [23]
  sec             2   98[COMRAM] int 
 Return value:  Size  Location     Type
                  1    wreg      void 
 Registers used:
		wreg, fsr0l, fsr0h, fsr1l, fsr1h, fsr2l, fsr2h, status,2, status,0, tblptrl, tblptrh, tblptru, prodl, prodh, cstack
 Tracked objects:
		On entry : 
		On exit  : 
		Unchanged: 
 Data sizes:     COMRAM   BANK0   BANK1   BANK2   BANK3   BANK4   BANK5   BANK6   BANK7   BANK8   BANK9  BANK10  BANK11  BANK12  BANK13  BANK14  BANK15
      Params:         0       0       0       0       0       0       0       0       0       0       0       0       0       0       0       0       0
      Locals:        27       0       0       0       0       0       0       0       0       0       0       0       0       0       0       0       0
      Temps:          2       0       0       0       0       0       0       0       0       0       0       0       0       0       0       0       0
      Totals:        29       0       0       0       0       0       0       0       0       0       0       0       0       0       0       0       0
Total ram usage:       29 bytes
 Hardware stack levels required when called:    8
 This function calls:
		___awdiv
		___awmod
		_glcdDrawRectangle
		_init
		_print_px_string
 This function is called by:
		Startup code after reset
 This function uses a non-reentrant model


 *************** function _print_px_string *****************
 Defined at:
		line 126 in file "px_ascii.c"
 Parameters:    Size  Location     Type
  x               2   59[COMRAM] int 
  y               2   61[COMRAM] int 
  s               2   63[COMRAM] PTR unsigned char 
		 -> main@eta(23), STR_1(23), 
 Auto vars:     Size  Location     Type
  idx             2   69[COMRAM] int 
 Return value:  Size  Location     Type
                  1    wreg      void 
 Registers used:
		wreg, fsr0l, fsr0h, fsr2l, fsr2h, status,2, status,0, tblptrl, tblptrh, tblptru, prodl, prodh, cstack
 Tracked objects:
		On entry : 
		On exit  : 
		Unchanged: 
 Data sizes:     COMRAM   BANK0   BANK1   BANK2   BANK3   BANK4   BANK5   BANK6   BANK7   BANK8   BANK9  BANK10  BANK11  BANK12  BANK13  BANK14  BANK15
      Params:         6       0       0       0       0       0       0       0       0       0       0       0       0       0       0       0       0
      Locals:         4       0       0       0       0       0       0       0       0       0       0       0       0       0       0       0       0
      Temps:          2       0       0       0       0       0       0       0       0       0       0       0       0       0       0       0       0
      Totals:        12       0       0       0       0       0       0       0       0       0       0       0       0       0       0       0       0
Total ram usage:       12 bytes
 Hardware stack levels used:    1
 Hardware stack levels required when called:    7
 This function calls:
		___wmul
		_print_px_char
 This function is called by:
		_main
 This function uses a non-reentrant model


 *************** function _print_px_char *****************
 Defined at:
		line 122 in file "px_ascii.c"
 Parameters:    Size  Location     Type
  x               2   54[COMRAM] int 
  y               2   56[COMRAM] int 
  c               1   58[COMRAM] unsigned char 
 Auto vars:     Size  Location     Type
		None
 Return value:  Size  Location     Type
                  1    wreg      void 
 Registers used:
		wreg, fsr0l, fsr0h, fsr2l, fsr2h, status,2, status,0, tblptrl, tblptrh, tblptru, prodl, prodh, cstack
 Tracked objects:
		On entry : 
		On exit  : 
		Unchanged: 
 Data sizes:     COMRAM   BANK0   BANK1   BANK2   BANK3   BANK4   BANK5   BANK6   BANK7   BANK8   BANK9  BANK10  BANK11  BANK12  BANK13  BANK14  BANK15
      Params:         5       0       0       0       0       0       0       0       0       0       0       0       0       0       0       0       0
      Locals:         0       0       0       0       0       0       0       0       0       0       0       0       0       0       0       0       0
      Temps:          0       0       0       0       0       0       0       0       0       0       0       0       0       0       0       0       0
      Totals:         5       0       0       0       0       0       0       0       0       0       0       0       0       0       0       0       0
Total ram usage:        5 bytes
 Hardware stack levels used:    1
 Hardware stack levels required when called:    6
 This function calls:
		_draw_px_char
		_px_map
 This function is called by:
		_print_px_string
 This function uses a non-reentrant model


 *************** function _px_map *****************
 Defined at:
		line 19 in file "px_ascii.c"
 Parameters:    Size  Location     Type
  c               1    wreg     unsigned char 
 Auto vars:     Size  Location     Type
  c               1   25[COMRAM] unsigned char 
 Return value:  Size  Location     Type
                  8   16[COMRAM] struct .
 Registers used:
		wreg, fsr0l, fsr0h, fsr2l, fsr2h, status,2, status,0, cstack
 Tracked objects:
		On entry : 
		On exit  : 
		Unchanged: 
 Data sizes:     COMRAM   BANK0   BANK1   BANK2   BANK3   BANK4   BANK5   BANK6   BANK7   BANK8   BANK9  BANK10  BANK11  BANK12  BANK13  BANK14  BANK15
      Params:         9       0       0       0       0       0       0       0       0       0       0       0       0       0       0       0       0
      Locals:         1       0       0       0       0       0       0       0       0       0       0       0       0       0       0       0       0
      Temps:          0       0       0       0       0       0       0       0       0       0       0       0       0       0       0       0       0
      Totals:        10       0       0       0       0       0       0       0       0       0       0       0       0       0       0       0       0
Total ram usage:       10 bytes
 Hardware stack levels used:    1
 Hardware stack levels required when called:    1
 This function calls:
		_new_px_char
 This function is called by:
		_print_px_char
 This function uses a non-reentrant model


 *************** function _new_px_char *****************
 Defined at:
		line 12 in file "px_ascii.c"
 Parameters:    Size  Location     Type
  a               4    0[COMRAM] unsigned long 
  b               4    4[COMRAM] unsigned long 
 Auto vars:     Size  Location     Type
  p               8    8[COMRAM] struct .
 Return value:  Size  Location     Type
                  8    0[COMRAM] struct .
 Registers used:
		wreg, fsr0l, fsr0h, fsr2l, fsr2h, status,2, status,0
 Tracked objects:
		On entry : 
		On exit  : 
		Unchanged: 
 Data sizes:     COMRAM   BANK0   BANK1   BANK2   BANK3   BANK4   BANK5   BANK6   BANK7   BANK8   BANK9  BANK10  BANK11  BANK12  BANK13  BANK14  BANK15
      Params:         8       0       0       0       0       0       0       0       0       0       0       0       0       0       0       0       0
      Locals:         8       0       0       0       0       0       0       0       0       0       0       0       0       0       0       0       0
      Temps:          0       0       0       0       0       0       0       0       0       0       0       0       0       0       0       0       0
      Totals:        16       0       0       0       0       0       0       0       0       0       0       0       0       0       0       0       0
Total ram usage:       16 bytes
 Hardware stack levels used:    1
 This function calls:
		Nothing
 This function is called by:
		_px_map
 This function uses a non-reentrant model


 *************** function _draw_px_char *****************
 Defined at:
		line 60 in file "main.c"
 Parameters:    Size  Location     Type
  x               2   32[COMRAM] int 
  y               2   34[COMRAM] int 
  p               8   36[COMRAM] struct .
 Auto vars:     Size  Location     Type
  i               2   52[COMRAM] int 
  m               4   48[COMRAM] unsigned long 
 Return value:  Size  Location     Type
                  1    wreg      void 
 Registers used:
		wreg, status,2, status,0, tblptrl, tblptrh, tblptru, prodl, prodh, cstack
 Tracked objects:
		On entry : 
		On exit  : 
		Unchanged: 
 Data sizes:     COMRAM   BANK0   BANK1   BANK2   BANK3   BANK4   BANK5   BANK6   BANK7   BANK8   BANK9  BANK10  BANK11  BANK12  BANK13  BANK14  BANK15
      Params:        12       0       0       0       0       0       0       0       0       0       0       0       0       0       0       0       0
      Locals:         6       0       0       0       0       0       0       0       0       0       0       0       0       0       0       0       0
      Temps:          4       0       0       0       0       0       0       0       0       0       0       0       0       0       0       0       0
      Totals:        22       0       0       0       0       0       0       0       0       0       0       0       0       0       0       0       0
Total ram usage:       22 bytes
 Hardware stack levels used:    1
 Hardware stack levels required when called:    5
 This function calls:
		___awdiv
		___awmod
		_glcdDrawPixel
 This function is called by:
		_print_px_char
 This function uses a non-reentrant model


 *************** function _glcdDrawPixel *****************
 Defined at:
		line 147 in file "GLCD_PIC_V1.1.c"
 Parameters:    Size  Location     Type
  XS              1    wreg     unsigned char 
  YS              1   25[COMRAM] unsigned char 
  color           4   26[COMRAM] unsigned long 
 Auto vars:     Size  Location     Type
  XS              1   31[COMRAM] unsigned char 
 Return value:  Size  Location     Type
                  1    wreg      void 
 Registers used:
		wreg, status,2, status,0, tblptrl, tblptrh, tblptru, prodl, prodh, cstack
 Tracked objects:
		On entry : 
		On exit  : 
		Unchanged: 
 Data sizes:     COMRAM   BANK0   BANK1   BANK2   BANK3   BANK4   BANK5   BANK6   BANK7   BANK8   BANK9  BANK10  BANK11  BANK12  BANK13  BANK14  BANK15
      Params:         5       0       0       0       0       0       0       0       0       0       0       0       0       0       0       0       0
      Locals:         1       0       0       0       0       0       0       0       0       0       0       0       0       0       0       0       0
      Temps:          1       0       0       0       0       0       0       0       0       0       0       0       0       0       0       0       0
      Totals:         7       0       0       0       0       0       0       0       0       0       0       0       0       0       0       0       0
Total ram usage:        7 bytes
 Hardware stack levels used:    1
 Hardware stack levels required when called:    4
 This function calls:
		_glcdDrawRectangle
 This function is called by:
		_draw_px_char
 This function uses a non-reentrant model


 *************** function ___awmod *****************
 Defined at:
		line 8 in file "/Applications/microchip/xc8/v1.45/sources/common/awmod.c"
 Parameters:    Size  Location     Type
  dividend        2    0[COMRAM] int 
  divisor         2    2[COMRAM] int 
 Auto vars:     Size  Location     Type
  sign            1    5[COMRAM] unsigned char 
  counter         1    4[COMRAM] unsigned char 
 Return value:  Size  Location     Type
                  2    0[COMRAM] int 
 Registers used:
		wreg, status,2, status,0
 Tracked objects:
		On entry : 
		On exit  : 
		Unchanged: 
 Data sizes:     COMRAM   BANK0   BANK1   BANK2   BANK3   BANK4   BANK5   BANK6   BANK7   BANK8   BANK9  BANK10  BANK11  BANK12  BANK13  BANK14  BANK15
      Params:         4       0       0       0       0       0       0       0       0       0       0       0       0       0       0       0       0
      Locals:         2       0       0       0       0       0       0       0       0       0       0       0       0       0       0       0       0
      Temps:          0       0       0       0       0       0       0       0       0       0       0       0       0       0       0       0       0
      Totals:         6       0       0       0       0       0       0       0       0       0       0       0       0       0       0       0       0
Total ram usage:        6 bytes
 Hardware stack levels used:    1
 This function calls:
		Nothing
 This function is called by:
		_draw_px_char
		_main
 This function uses a non-reentrant model


 *************** function ___awdiv *****************
 Defined at:
		line 8 in file "/Applications/microchip/xc8/v1.45/sources/common/awdiv.c"
 Parameters:    Size  Location     Type
  dividend        2    6[COMRAM] int 
  divisor         2    8[COMRAM] int 
 Auto vars:     Size  Location     Type
  quotient        2   12[COMRAM] int 
  sign            1   11[COMRAM] unsigned char 
  counter         1   10[COMRAM] unsigned char 
 Return value:  Size  Location     Type
                  2    6[COMRAM] int 
 Registers used:
		wreg, status,2, status,0
 Tracked objects:
		On entry : 
		On exit  : 
		Unchanged: 
 Data sizes:     COMRAM   BANK0   BANK1   BANK2   BANK3   BANK4   BANK5   BANK6   BANK7   BANK8   BANK9  BANK10  BANK11  BANK12  BANK13  BANK14  BANK15
      Params:         4       0       0       0       0       0       0       0       0       0       0       0       0       0       0       0       0
      Locals:         4       0       0       0       0       0       0       0       0       0       0       0       0       0       0       0       0
      Temps:          0       0       0       0       0       0       0       0       0       0       0       0       0       0       0       0       0
      Totals:         8       0       0       0       0       0       0       0       0       0       0       0       0       0       0       0       0
Total ram usage:        8 bytes
 Hardware stack levels used:    1
 This function calls:
		Nothing
 This function is called by:
		_draw_px_char
		_main
 This function uses a non-reentrant model


 *************** function _init *****************
 Defined at:
		line 20 in file "main.c"
 Parameters:    Size  Location     Type
		None
 Auto vars:     Size  Location     Type
		None
 Return value:  Size  Location     Type
                  1    wreg      void 
 Registers used:
		wreg, status,2, status,0, tblptrl, tblptrh, tblptru, prodl, prodh, cstack
 Tracked objects:
		On entry : 
		On exit  : 
		Unchanged: 
 Data sizes:     COMRAM   BANK0   BANK1   BANK2   BANK3   BANK4   BANK5   BANK6   BANK7   BANK8   BANK9  BANK10  BANK11  BANK12  BANK13  BANK14  BANK15
      Params:         0       0       0       0       0       0       0       0       0       0       0       0       0       0       0       0       0
      Locals:         0       0       0       0       0       0       0       0       0       0       0       0       0       0       0       0       0
      Temps:          0       0       0       0       0       0       0       0       0       0       0       0       0       0       0       0       0
      Totals:         0       0       0       0       0       0       0       0       0       0       0       0       0       0       0       0       0
Total ram usage:        0 bytes
 Hardware stack levels used:    1
 Hardware stack levels required when called:    5
 This function calls:
		_initGLCD
 This function is called by:
		_main
 This function uses a non-reentrant model


 *************** function _initGLCD *****************
 Defined at:
		line 238 in file "GLCD_PIC_V1.1.c"
 Parameters:    Size  Location     Type
		None
 Auto vars:     Size  Location     Type
		None
 Return value:  Size  Location     Type
                  1    wreg      void 
 Registers used:
		wreg, status,2, status,0, tblptrl, tblptrh, tblptru, prodl, prodh, cstack
 Tracked objects:
		On entry : 
		On exit  : 
		Unchanged: 
 Data sizes:     COMRAM   BANK0   BANK1   BANK2   BANK3   BANK4   BANK5   BANK6   BANK7   BANK8   BANK9  BANK10  BANK11  BANK12  BANK13  BANK14  BANK15
      Params:         0       0       0       0       0       0       0       0       0       0       0       0       0       0       0       0       0
      Locals:         0       0       0       0       0       0       0       0       0       0       0       0       0       0       0       0       0
      Temps:          2       0       0       0       0       0       0       0       0       0       0       0       0       0       0       0       0
      Totals:         2       0       0       0       0       0       0       0       0       0       0       0       0       0       0       0       0
Total ram usage:        2 bytes
 Hardware stack levels used:    1
 Hardware stack levels required when called:    4
 This function calls:
		_glcdDrawRectangle
		_glcdSetCOLMOD
		_glcdTransfer
		_spiInit
 This function is called by:
		_init
 This function uses a non-reentrant model


 *************** function _spiInit *****************
 Defined at:
		line 54 in file "SPI_PIC.c"
 Parameters:    Size  Location     Type
  divider         1    wreg     unsigned char 
 Auto vars:     Size  Location     Type
  divider         1    0[COMRAM] unsigned char 
 Return value:  Size  Location     Type
                  1    wreg      void 
 Registers used:
		wreg, status,2, status,0
 Tracked objects:
		On entry : 
		On exit  : 
		Unchanged: 
 Data sizes:     COMRAM   BANK0   BANK1   BANK2   BANK3   BANK4   BANK5   BANK6   BANK7   BANK8   BANK9  BANK10  BANK11  BANK12  BANK13  BANK14  BANK15
      Params:         0       0       0       0       0       0       0       0       0       0       0       0       0       0       0       0       0
      Locals:         1       0       0       0       0       0       0       0       0       0       0       0       0       0       0       0       0
      Temps:          0       0       0       0       0       0       0       0       0       0       0       0       0       0       0       0       0
      Totals:         1       0       0       0       0       0       0       0       0       0       0       0       0       0       0       0       0
Total ram usage:        1 bytes
 Hardware stack levels used:    1
 This function calls:
		Nothing
 This function is called by:
		_initGLCD
 This function uses a non-reentrant model


 *************** function _glcdSetCOLMOD *****************
 Defined at:
		line 167 in file "GLCD_PIC_V1.1.c"
 Parameters:    Size  Location     Type
  numBitsPerPi    1    wreg     unsigned char 
 Auto vars:     Size  Location     Type
  numBitsPerPi    1    6[COMRAM] unsigned char 
  rawData         2    7[COMRAM] unsigned short 
 Return value:  Size  Location     Type
                  1    wreg      void 
 Registers used:
		wreg, status,2, status,0, tblptrl, tblptrh, tblptru, cstack
 Tracked objects:
		On entry : 
		On exit  : 
		Unchanged: 
 Data sizes:     COMRAM   BANK0   BANK1   BANK2   BANK3   BANK4   BANK5   BANK6   BANK7   BANK8   BANK9  BANK10  BANK11  BANK12  BANK13  BANK14  BANK15
      Params:         0       0       0       0       0       0       0       0       0       0       0       0       0       0       0       0       0
      Locals:         3       0       0       0       0       0       0       0       0       0       0       0       0       0       0       0       0
      Temps:          0       0       0       0       0       0       0       0       0       0       0       0       0       0       0       0       0
      Totals:         3       0       0       0       0       0       0       0       0       0       0       0       0       0       0       0       0
Total ram usage:        3 bytes
 Hardware stack levels used:    1
 Hardware stack levels required when called:    3
 This function calls:
		_glcdTransfer
 This function is called by:
		_initGLCD
 This function uses a non-reentrant model


 *************** function _glcdDrawRectangle *****************
 Defined at:
		line 38 in file "GLCD_PIC_V1.1.c"
 Parameters:    Size  Location     Type
  XS              1    wreg     unsigned char 
  XE              1    6[COMRAM] unsigned char 
  YS              1    7[COMRAM] unsigned char 
  YE              1    8[COMRAM] unsigned char 
  color           4    9[COMRAM] unsigned long 
 Auto vars:     Size  Location     Type
  XS              1   24[COMRAM] unsigned char 
  i               2   19[COMRAM] unsigned short 
  colorData       3   21[COMRAM] unsigned char [3]
  numLoops        2   17[COMRAM] unsigned short 
 Return value:  Size  Location     Type
                  1    wreg      void 
 Registers used:
		wreg, status,2, status,0, tblptrl, tblptrh, tblptru, prodl, prodh, cstack
 Tracked objects:
		On entry : 
		On exit  : 
		Unchanged: 
 Data sizes:     COMRAM   BANK0   BANK1   BANK2   BANK3   BANK4   BANK5   BANK6   BANK7   BANK8   BANK9  BANK10  BANK11  BANK12  BANK13  BANK14  BANK15
      Params:         7       0       0       0       0       0       0       0       0       0       0       0       0       0       0       0       0
      Locals:         8       0       0       0       0       0       0       0       0       0       0       0       0       0       0       0       0
      Temps:          4       0       0       0       0       0       0       0       0       0       0       0       0       0       0       0       0
      Totals:        19       0       0       0       0       0       0       0       0       0       0       0       0       0       0       0       0
Total ram usage:       19 bytes
 Hardware stack levels used:    1
 Hardware stack levels required when called:    3
 This function calls:
		___wmul
		_glcdTransfer
		_spiSend
 This function is called by:
		_main
		_glcdDrawPixel
		_initGLCD
 This function uses a non-reentrant model


 *************** function _glcdTransfer *****************
 Defined at:
		line 18 in file "GLCD_PIC_V1.1.c"
 Parameters:    Size  Location     Type
  byte            1    wreg     unsigned char 
  cmd             1    3[COMRAM] unsigned char 
 Auto vars:     Size  Location     Type
  byte            1    5[COMRAM] unsigned char 
 Return value:  Size  Location     Type
                  1    wreg      void 
 Registers used:
		wreg, status,2, status,0, cstack
 Tracked objects:
		On entry : 
		On exit  : 
		Unchanged: 
 Data sizes:     COMRAM   BANK0   BANK1   BANK2   BANK3   BANK4   BANK5   BANK6   BANK7   BANK8   BANK9  BANK10  BANK11  BANK12  BANK13  BANK14  BANK15
      Params:         1       0       0       0       0       0       0       0       0       0       0       0       0       0       0       0       0
      Locals:         1       0       0       0       0       0       0       0       0       0       0       0       0       0       0       0       0
      Temps:          1       0       0       0       0       0       0       0       0       0       0       0       0       0       0       0       0
      Totals:         3       0       0       0       0       0       0       0       0       0       0       0       0       0       0       0       0
Total ram usage:        3 bytes
 Hardware stack levels used:    1
 Hardware stack levels required when called:    2
 This function calls:
		_spiSend
 This function is called by:
		_glcdDrawRectangle
		_glcdSetCOLMOD
		_initGLCD
		_glcdSetOrigin
 This function uses a non-reentrant model


 *************** function _spiSend *****************
 Defined at:
		line 33 in file "SPI_PIC.c"
 Parameters:    Size  Location     Type
  val             1    wreg     unsigned char 
 Auto vars:     Size  Location     Type
  val             1    2[COMRAM] unsigned char 
 Return value:  Size  Location     Type
                  1    wreg      void 
 Registers used:
		wreg, status,2, cstack
 Tracked objects:
		On entry : 
		On exit  : 
		Unchanged: 
 Data sizes:     COMRAM   BANK0   BANK1   BANK2   BANK3   BANK4   BANK5   BANK6   BANK7   BANK8   BANK9  BANK10  BANK11  BANK12  BANK13  BANK14  BANK15
      Params:         0       0       0       0       0       0       0       0       0       0       0       0       0       0       0       0       0
      Locals:         1       0       0       0       0       0       0       0       0       0       0       0       0       0       0       0       0
      Temps:          0       0       0       0       0       0       0       0       0       0       0       0       0       0       0       0       0
      Totals:         1       0       0       0       0       0       0       0       0       0       0       0       0       0       0       0       0
Total ram usage:        1 bytes
 Hardware stack levels used:    1
 Hardware stack levels required when called:    1
 This function calls:
		_spiTransfer
 This function is called by:
		_glcdTransfer
		_glcdDrawRectangle
 This function uses a non-reentrant model


 *************** function _spiTransfer *****************
 Defined at:
		line 12 in file "SPI_PIC.c"
 Parameters:    Size  Location     Type
  byteToTransf    1    wreg     unsigned char 
 Auto vars:     Size  Location     Type
  byteToTransf    1    1[COMRAM] unsigned char 
 Return value:  Size  Location     Type
                  1    wreg      unsigned char 
 Registers used:
		wreg, status,2
 Tracked objects:
		On entry : 
		On exit  : 
		Unchanged: 
 Data sizes:     COMRAM   BANK0   BANK1   BANK2   BANK3   BANK4   BANK5   BANK6   BANK7   BANK8   BANK9  BANK10  BANK11  BANK12  BANK13  BANK14  BANK15
      Params:         0       0       0       0       0       0       0       0       0       0       0       0       0       0       0       0       0
      Locals:         1       0       0       0       0       0       0       0       0       0       0       0       0       0       0       0       0
      Temps:          1       0       0       0       0       0       0       0       0       0       0       0       0       0       0       0       0
      Totals:         2       0       0       0       0       0       0       0       0       0       0       0       0       0       0       0       0
Total ram usage:        2 bytes
 Hardware stack levels used:    1
 This function calls:
		Nothing
 This function is called by:
		_spiSend
		_spiReceive
 This function uses a non-reentrant model


 *************** function ___wmul *****************
 Defined at:
		line 15 in file "/Applications/microchip/xc8/v1.45/sources/common/Umul16.c"
 Parameters:    Size  Location     Type
  multiplier      2    0[COMRAM] unsigned int 
  multiplicand    2    2[COMRAM] unsigned int 
 Auto vars:     Size  Location     Type
  product         2    4[COMRAM] unsigned int 
 Return value:  Size  Location     Type
                  2    0[COMRAM] unsigned int 
 Registers used:
		wreg, status,2, status,0, prodl, prodh
 Tracked objects:
		On entry : 
		On exit  : 
		Unchanged: 
 Data sizes:     COMRAM   BANK0   BANK1   BANK2   BANK3   BANK4   BANK5   BANK6   BANK7   BANK8   BANK9  BANK10  BANK11  BANK12  BANK13  BANK14  BANK15
      Params:         4       0       0       0       0       0       0       0       0       0       0       0       0       0       0       0       0
      Locals:         2       0       0       0       0       0       0       0       0       0       0       0       0       0       0       0       0
      Temps:          0       0       0       0       0       0       0       0       0       0       0       0       0       0       0       0       0
      Totals:         6       0       0       0       0       0       0       0       0       0       0       0       0       0       0       0       0
Total ram usage:        6 bytes
 Hardware stack levels used:    1
 This function calls:
		Nothing
 This function is called by:
		_glcdDrawRectangle
		_print_px_string
 This function uses a non-reentrant model



MODULE INFORMATION

Module		Function		Class		Link	Load	Size
px_ascii.c
		_px_map        		CODE           	1086	0000	6485
		_print_px_char 		CODE           	346E	0000	51
		_new_px_char   		CODE           	343A	0000	53
		_print_px_string		CODE           	31A8	0000	169

px_ascii.c estimated size: 6758

/Applications/microchip/xc8/v1.45/sources/common/awmod.c
		___awmod       		CODE           	32D4	0000	113

/Applications/microchip/xc8/v1.45/sources/common/awmod.c estimated size: 113

/Applications/microchip/xc8/v1.45/sources/common/awdiv.c
		___awdiv       		CODE           	3250	0000	133

/Applications/microchip/xc8/v1.45/sources/common/awdiv.c estimated size: 133

/Applications/microchip/xc8/v1.45/sources/common/Umul16.c
		___wmul        		CODE           	3526	0000	39

/Applications/microchip/xc8/v1.45/sources/common/Umul16.c estimated size: 39

SPI_PIC.c
		_spiTransfer   		CODE           	354C	0000	37
		_spiInit       		CODE           	3402	0000	57
		_spiSend       		CODE           	3588	0000	11

SPI_PIC.c estimated size: 105

shared
		GLCD_PIC@INST_DISPON		SMALLCONST     	103E	0000	2
		GLCD_PIC@INST_PWCTR5		SMALLCONST     	102B	0000	2
		_INST_TEON     		SMALLCONST     	0000	0000	0
		_INST_TEOFF    		SMALLCONST     	0000	0000	0
		GLCD_PIC@INST_GAMSET		SMALLCONST     	1040	0000	2
		_INST_PWCTR1   		SMALLCONST     	0000	0000	0
		_INST_PWCTR2   		SMALLCONST     	0000	0000	0
		_INST_PWCTR3   		SMALLCONST     	0000	0000	0
		_INST_PWCTR4   		SMALLCONST     	0000	0000	0
		_INST_PWCTR5   		SMALLCONST     	0000	0000	0
		_INST_COLMOD   		SMALLCONST     	0000	0000	0
		_INDIGO        		SMALLCONST     	1005	0000	5
		_INST_SWRESET  		SMALLCONST     	0000	0000	0
		GLCD_PIC@INST_NOP		SMALLCONST     	0000	0000	0
		_ORANGE        		SMALLCONST     	1015	0000	5
		GLCD_PIC@INST_INVCTR		SMALLCONST     	1030	0000	2
		_INST_FRMCTR1  		SMALLCONST     	0000	0000	0
		_INST_FRMCTR2  		SMALLCONST     	0000	0000	0
		_INST_FRMCTR3  		SMALLCONST     	0000	0000	0
		_GLCD_ADDRESSABLE_SIZE_HORZ		SMALLCONST     	106C	0000	2
		_GREY          		SMALLCONST     	1021	0000	5
		_INST_VMCTR1   		SMALLCONST     	0000	0000	0
		_VIOLET        		SMALLCONST     	1001	0000	5
		_INST_DISPON   		SMALLCONST     	0000	0000	0
		_INST_VMOFCTR2 		SMALLCONST     	0000	0000	0
		_INST_DISPOFF  		SMALLCONST     	0000	0000	0
		GLCD_PIC@INST_TEOFF		SMALLCONST     	0000	0000	0
		_RED           		SMALLCONST     	1019	0000	5
		GLCD_PIC@INST_FRMCTR1		SMALLCONST     	1033	0000	2
		GLCD_PIC@INST_SLPOUT		SMALLCONST     	1045	0000	2
		GLCD_PIC@INST_IDMOFF		SMALLCONST     	1036	0000	2
		_INST_CASET    		SMALLCONST     	0000	0000	0
		_INST_INVON    		SMALLCONST     	0000	0000	0
		GLCD_PIC@INST_FRMCTR2		SMALLCONST     	1032	0000	2
		_INST_INVOFF   		SMALLCONST     	0000	0000	0
		_INST_INVCTR   		SMALLCONST     	0000	0000	0
		__initialization		CODE           	34D2	0000	35
		GLCD_PIC@INST_INVOFF		SMALLCONST     	1042	0000	2
		_INST_SLPIN    		SMALLCONST     	0000	0000	0
		_GLCD_SIZE_VERT		SMALLCONST     	1069	0000	2
		_INST_SLPOUT   		SMALLCONST     	0000	0000	0
		GLCD_PIC@INST_COLMOD		SMALLCONST     	1034	0000	2
		_GLCD_SIZE_HORZ		SMALLCONST     	106A	0000	2
		GLCD_PIC@INST_FRMCTR3		SMALLCONST     	1031	0000	2
		_INST_IDMON    		SMALLCONST     	0000	0000	0
		GLCD_PIC@INST_PTLAR		SMALLCONST     	0000	0000	0
		GLCD_PIC@INST_VMOFCTR2		SMALLCONST     	0000	0000	0
		_INST_IDMOFF   		SMALLCONST     	0000	0000	0
		GLCD_PIC@INST_SLPIN		SMALLCONST     	0000	0000	0
		GLCD_PIC@INST_IDMON		SMALLCONST     	0000	0000	0
		_INST_RASET    		SMALLCONST     	0000	0000	0
		_INST_RAMWR    		SMALLCONST     	0000	0000	0
		GLCD_PIC@INST_CASET		SMALLCONST     	103D	0000	2
		GLCD_PIC@INST_PTLON		SMALLCONST     	0000	0000	0
		GLCD_PIC@INST_RASET		SMALLCONST     	103C	0000	2
		GLCD_PIC@INST_NORON		SMALLCONST     	1043	0000	2
		GLCD_PIC@INST_INVON		SMALLCONST     	0000	0000	0
		GLCD_PIC@INST_DISPOFF		SMALLCONST     	0000	0000	0
		GLCD_PIC@INST_RAMWR		SMALLCONST     	103B	0000	2
		_WHITE         		SMALLCONST     	101D	0000	5
		GLCD_PIC@INST_MADCTL		SMALLCONST     	1037	0000	2
		_YELLOW        		SMALLCONST     	1011	0000	5
		GLCD_PIC@INST_VMCTR1		SMALLCONST     	102A	0000	2
		_INST_GAMSET   		SMALLCONST     	0000	0000	0
		_INST_NOP      		SMALLCONST     	0000	0000	0
		_GLCD_ADDRESSABLE_SIZE_VERT		SMALLCONST     	106B	0000	2
		GLCD_PIC@INST_PWCTR1		SMALLCONST     	102F	0000	2
		_INST_NORON    		SMALLCONST     	0000	0000	0
		_BLACK         		SMALLCONST     	1025	0000	5
		GLCD_PIC@INST_SWRESET		SMALLCONST     	1047	0000	2
		GLCD_PIC@INST_PWCTR2		SMALLCONST     	102E	0000	2
		_INST_MADCTL   		SMALLCONST     	0000	0000	0
		_GREEN         		SMALLCONST     	100D	0000	5
		GLCD_PIC@INST_PWCTR3		SMALLCONST     	102D	0000	2
		GLCD_PIC@INST_TEON		SMALLCONST     	0000	0000	0
		GLCD_PIC@INST_PWCTR4		SMALLCONST     	102C	0000	2
		_INST_PTLAR    		SMALLCONST     	0000	0000	0
		_INST_PTLON    		SMALLCONST     	0000	0000	0
		_BLUE          		SMALLCONST     	1009	0000	5

shared estimated size: 137

GLCD_PIC_V1.1.c
		_glcdDrawPixel 		CODE           	3344	0000	111
		_glcdDrawRectangle		CODE           	2EE6	0000	385
		_glcdSetCOLMOD 		CODE           	33B2	0000	81
		_initGLCD      		CODE           	29DA	0000	781
		_glcdTransfer  		CODE           	34FE	0000	41

GLCD_PIC_V1.1.c estimated size: 1399

main.c
		_init          		CODE           	34A0	0000	51
		_main          		CODE           	2CE6	0000	513
		_draw_px_char  		CODE           	3066	0000	323

main.c estimated size: 887

